Loaded configuration from C:\Users\Abdul\OneDrive\Documents\GitHub\ACE-Step-1.5\.env.example (fallback)
uv : Skipping import of cpp extensions 
due to incompatible torch version 
2.7.1+cu128 for torchao version 0.16.0 
            Please see https://github.c
om/pytorch/ao/issues/2919 for more info
At line:1 char:53
+ ... env:Path" ; uv run python -m 
unittest discover -s . -p "*_test.py" 
>  ...
+                 ~~~~~~~~~~~~~~~~~~~~~
~~~~~~~~~~~~~~~~~~~~~~~~~~~~~~~~~~~~
    + CategoryInfo          : NotSpeci 
   fied: (Skipping import...9 for mor  
  e info:String) [], RemoteException
    + FullyQualifiedErrorId : NativeCo 
   mmandError
 
W0421 23:03:58.007000 21060 .venv\Lib\s
ite-packages\torch\distributed\elastic\
multiprocessing\redirects.py:29] NOTE: 
Redirects are currently not supported 
in Windows or MacOs.
2026-04-21 23:04:01.154 | WARNING  | 
acestep.training.trainer:<module>:40 - 
bitsandbytes not installed. Using 
standard AdamW.

============================================================
GPU Configuration Detected:
============================================================
  GPU Memory: 12.00 GB
  Configuration Tier: tier5
  Max Duration (with LM): 480s (8 min)
  Max Duration (without LM): 600s (10 min)
  Max Batch Size (with LM): 4
  Max Batch Size (without LM): 4
  Default LM Init: True
  Available LM Models: ['acestep-5Hz-lm-0.6B']
============================================================

Auto-enabling CPU offload (GPU 12.0GB < 20.0GB threshold)
Output directory: C:/Users/Abdul/OneDrive/Documents/GitHub/ACE-Step-1.5/gradio_outputs
Requested LM backend 'vllm' is not supported on this hardware. Using 'pt' instead.
Initializing service from command line...
Initializing DiT model: acestep-v15-turbo on auto...
DiT model initialized successfully
Initializing 5Hz LM: acestep-5Hz-lm-0.6B on auto...
5Hz LM initialized successfully
Service initialization completed successfully!
Creating Gradio interface with language: en...
Enabling queue for multi-user support...
Launching server on 127.0.0.1:7860...
Enabling API endpoints...
API endpoints enabled: /health, /v1/models, /release_task, /query_result, /create_random_sample, /format_lyrics

Shutting down...

============================================================
GPU Configuration Detected:
============================================================
  GPU Memory: 12.00 GB
  Configuration Tier: tier5
  Max Duration (with LM): 480s (8 min)
  Max Duration (without LM): 600s (10 min)
  Max Batch Size (with LM): 4
  Max Batch Size (without LM): 4
  Default LM Init: True
  Available LM Models: ['acestep-5Hz-lm-0.6B']
============================================================

Auto-enabling CPU offload (GPU 12.0GB < 20.0GB threshold)
Output directory: C:/Users/Abdul/OneDrive/Documents/GitHub/ACE-Step-1.5/gradio_outputs
Requested LM backend 'vllm' is not supported on this hardware. Using 'pt' instead.
Initializing service from command line...
Initializing DiT model: acestep-v15-turbo on auto...
DiT model initialized successfully
Initializing 5Hz LM: acestep-5Hz-lm-0.6B on auto...
5Hz LM initialized successfully
Service initialization completed successfully!
Creating Gradio interface with language: en...
Enabling queue for multi-user support...
Launching server on 127.0.0.1:7860...

============================================================
GPU Configuration Detected:
============================================================
  GPU Memory: 12.00 GB
  Configuration Tier: tier5
  Max Duration (with LM): 480s (8 min)
  Max Duration (without LM): 600s (10 min)
  Max Batch Size (with LM): 4
  Max Batch Size (without LM): 4
  Default LM Init: True
  Available LM Models: ['acestep-5Hz-lm-0.6B']
============================================================

Auto-enabling CPU offload (GPU 12.0GB < 20.0GB threshold)
Output directory: C:/Users/Abdul/OneDrive/Documents/GitHub/ACE-Step-1.5/gradio_outputs
Service mode enabled - applying preset configurations...
  DiT model: acestep-v15-turbo-fix-inst-shift-dynamic
  LM model: acestep-5Hz-lm-1.7B-v4-fix
Requested LM backend 'vllm' is not supported on this hardware. Using 'pt' instead.
  Backend: pt
Initializing service from command line...
Initializing DiT model: acestep-v15-turbo-fix-inst-shift-dynamic on auto...
DiT model initialized successfully
Initializing 5Hz LM: acestep-5Hz-lm-1.7B-v4-fix on auto...
5Hz LM initialized successfully
Service initialization completed successfully!
Creating Gradio interface with language: en...
Enabling queue for multi-user support...
Launching server on 127.0.0.1:7860...
.......................2026-04-21 
23:04:05.562 | WARNING  | acestep.gpu_c
onfig:_log_gpu_diagnostic_info:645 - ==
=======================================
=======================================
2026-04-21 23:04:05.563 | WARNING  | ac
estep.gpu_config:_log_gpu_diagnostic_in
fo:646 - \u26a0\ufe0f GPU NOT DETECTED 
- DIAGNOSTIC INFORMATION
2026-04-21 23:04:05.563 | WARNING  | ac
estep.gpu_config:_log_gpu_diagnostic_in
fo:647 - ==============================
=======================================
===========
2026-04-21 23:04:05.563 | WARNING  | ac
estep.gpu_config:_log_gpu_diagnostic_in
fo:707 - \u2713 PyTorch CUDA build 
detected
2026-04-21 23:04:05.563 | WARNING  | ac
estep.gpu_config:_log_gpu_diagnostic_in
fo:708 -   CUDA version: 12.8
2026-04-21 23:04:05.563 | WARNING  | ac
estep.gpu_config:_log_gpu_diagnostic_in
fo:709 - 
2026-04-21 23:04:05.563 | WARNING  | ac
estep.gpu_config:_log_gpu_diagnostic_in
fo:710 - \u274c 
torch.cuda.is_available() returned 
False
2026-04-21 23:04:05.563 | WARNING  | ac
estep.gpu_config:_log_gpu_diagnostic_in
fo:711 - 
2026-04-21 23:04:05.563 | WARNING  | ac
estep.gpu_config:_log_gpu_diagnostic_in
fo:712 - Common causes for NVIDIA GPUs:
2026-04-21 23:04:05.563 | WARNING  | ac
estep.gpu_config:_log_gpu_diagnostic_in
fo:713 -   1. NVIDIA drivers not 
installed
2026-04-21 23:04:05.563 | WARNING  | ac
estep.gpu_config:_log_gpu_diagnostic_in
fo:714 -   2. CUDA runtime not 
installed or version mismatch
2026-04-21 23:04:05.564 | WARNING  | ac
estep.gpu_config:_log_gpu_diagnostic_in
fo:715 -   3. GPU not supported by 
installed CUDA version
2026-04-21 23:04:05.564 | WARNING  | ac
estep.gpu_config:_log_gpu_diagnostic_in
fo:716 - 
2026-04-21 23:04:05.564 | WARNING  | ac
estep.gpu_config:_log_gpu_diagnostic_in
fo:717 - Troubleshooting steps:
2026-04-21 23:04:05.564 | WARNING  | ac
estep.gpu_config:_log_gpu_diagnostic_in
fo:718 -   1. Verify NVIDIA driver 
installation:
2026-04-21 23:04:05.564 | WARNING  | ac
estep.gpu_config:_log_gpu_diagnostic_in
fo:719 -      nvidia-smi  # Should 
list your GPU
2026-04-21 23:04:05.564 | WARNING  | ac
estep.gpu_config:_log_gpu_diagnostic_in
fo:720 -   2. Check CUDA version 
compatibility
2026-04-21 23:04:05.564 | WARNING  | ac
estep.gpu_config:_log_gpu_diagnostic_in
fo:721 -   3. Reinstall PyTorch with 
CUDA support:
2026-04-21 23:04:05.564 | WARNING  | ac
estep.gpu_config:_log_gpu_diagnostic_in
fo:722 -      pip install torch 
--index-url 
https://download.pytorch.org/whl/cu121
2026-04-21 23:04:05.564 | WARNING  | ac
estep.gpu_config:_log_gpu_diagnostic_in
fo:740 - ==============================
=======================================
===========
.2026-04-21 23:04:05.567 | WARNING  | a
cestep.gpu_config:_log_gpu_diagnostic_i
nfo:645 - =============================
=======================================
============
2026-04-21 23:04:05.567 | WARNING  | ac
estep.gpu_config:_log_gpu_diagnostic_in
fo:646 - \u26a0\ufe0f GPU NOT DETECTED 
- DIAGNOSTIC INFORMATION
2026-04-21 23:04:05.567 | WARNING  | ac
estep.gpu_config:_log_gpu_diagnostic_in
fo:647 - ==============================
=======================================
===========
2026-04-21 23:04:05.568 | WARNING  | ac
estep.gpu_config:_log_gpu_diagnostic_in
fo:707 - \u2713 PyTorch CUDA build 
detected
2026-04-21 23:04:05.568 | WARNING  | ac
estep.gpu_config:_log_gpu_diagnostic_in
fo:708 -   CUDA version: 12.8
2026-04-21 23:04:05.568 | WARNING  | ac
estep.gpu_config:_log_gpu_diagnostic_in
fo:709 - 
2026-04-21 23:04:05.568 | WARNING  | ac
estep.gpu_config:_log_gpu_diagnostic_in
fo:710 - \u274c 
torch.cuda.is_available() returned 
False
2026-04-21 23:04:05.568 | WARNING  | ac
estep.gpu_config:_log_gpu_diagnostic_in
fo:711 - 
2026-04-21 23:04:05.568 | WARNING  | ac
estep.gpu_config:_log_gpu_diagnostic_in
fo:712 - Common causes for NVIDIA GPUs:
2026-04-21 23:04:05.568 | WARNING  | ac
estep.gpu_config:_log_gpu_diagnostic_in
fo:713 -   1. NVIDIA drivers not 
installed
2026-04-21 23:04:05.568 | WARNING  | ac
estep.gpu_config:_log_gpu_diagnostic_in
fo:714 -   2. CUDA runtime not 
installed or version mismatch
2026-04-21 23:04:05.568 | WARNING  | ac
estep.gpu_config:_log_gpu_diagnostic_in
fo:715 -   3. GPU not supported by 
installed CUDA version
2026-04-21 23:04:05.568 | WARNING  | ac
estep.gpu_config:_log_gpu_diagnostic_in
fo:716 - 
2026-04-21 23:04:05.568 | WARNING  | ac
estep.gpu_config:_log_gpu_diagnostic_in
fo:717 - Troubleshooting steps:
2026-04-21 23:04:05.569 | WARNING  | ac
estep.gpu_config:_log_gpu_diagnostic_in
fo:718 -   1. Verify NVIDIA driver 
installation:
2026-04-21 23:04:05.569 | WARNING  | ac
estep.gpu_config:_log_gpu_diagnostic_in
fo:719 -      nvidia-smi  # Should 
list your GPU
2026-04-21 23:04:05.569 | WARNING  | ac
estep.gpu_config:_log_gpu_diagnostic_in
fo:720 -   2. Check CUDA version 
compatibility
2026-04-21 23:04:05.569 | WARNING  | ac
estep.gpu_config:_log_gpu_diagnostic_in
fo:721 -   3. Reinstall PyTorch with 
CUDA support:
2026-04-21 23:04:05.569 | WARNING  | ac
estep.gpu_config:_log_gpu_diagnostic_in
fo:722 -      pip install torch 
--index-url 
https://download.pytorch.org/whl/cu121
2026-04-21 23:04:05.569 | WARNING  | ac
estep.gpu_config:_log_gpu_diagnostic_in
fo:740 - ==============================
=======================================
===========
.2026-04-21 23:04:05.572 | WARNING  | a
cestep.gpu_config:_log_gpu_diagnostic_i
nfo:645 - =============================
=======================================
============
2026-04-21 23:04:05.572 | WARNING  | ac
estep.gpu_config:_log_gpu_diagnostic_in
fo:646 - \u26a0\ufe0f GPU NOT DETECTED 
- DIAGNOSTIC INFORMATION
2026-04-21 23:04:05.572 | WARNING  | ac
estep.gpu_config:_log_gpu_diagnostic_in
fo:647 - ==============================
=======================================
===========
2026-04-21 23:04:05.572 | WARNING  | ac
estep.gpu_config:_log_gpu_diagnostic_in
fo:707 - \u2713 PyTorch CUDA build 
detected
2026-04-21 23:04:05.572 | WARNING  | ac
estep.gpu_config:_log_gpu_diagnostic_in
fo:708 -   CUDA version: 12.8
2026-04-21 23:04:05.573 | WARNING  | ac
estep.gpu_config:_log_gpu_diagnostic_in
fo:709 - 
2026-04-21 23:04:05.573 | WARNING  | ac
estep.gpu_config:_log_gpu_diagnostic_in
fo:710 - \u274c 
torch.cuda.is_available() returned 
False
2026-04-21 23:04:05.573 | WARNING  | ac
estep.gpu_config:_log_gpu_diagnostic_in
fo:711 - 
2026-04-21 23:04:05.573 | WARNING  | ac
estep.gpu_config:_log_gpu_diagnostic_in
fo:712 - Common causes for NVIDIA GPUs:
2026-04-21 23:04:05.573 | WARNING  | ac
estep.gpu_config:_log_gpu_diagnostic_in
fo:713 -   1. NVIDIA drivers not 
installed
2026-04-21 23:04:05.573 | WARNING  | ac
estep.gpu_config:_log_gpu_diagnostic_in
fo:714 -   2. CUDA runtime not 
installed or version mismatch
2026-04-21 23:04:05.573 | WARNING  | ac
estep.gpu_config:_log_gpu_diagnostic_in
fo:715 -   3. GPU not supported by 
installed CUDA version
2026-04-21 23:04:05.574 | WARNING  | ac
estep.gpu_config:_log_gpu_diagnostic_in
fo:716 - 
2026-04-21 23:04:05.574 | WARNING  | ac
estep.gpu_config:_log_gpu_diagnostic_in
fo:717 - Troubleshooting steps:
2026-04-21 23:04:05.574 | WARNING  | ac
estep.gpu_config:_log_gpu_diagnostic_in
fo:718 -   1. Verify NVIDIA driver 
installation:
2026-04-21 23:04:05.574 | WARNING  | ac
estep.gpu_config:_log_gpu_diagnostic_in
fo:719 -      nvidia-smi  # Should 
list your GPU
2026-04-21 23:04:05.574 | WARNING  | ac
estep.gpu_config:_log_gpu_diagnostic_in
fo:720 -   2. Check CUDA version 
compatibility
2026-04-21 23:04:05.574 | WARNING  | ac
estep.gpu_config:_log_gpu_diagnostic_in
fo:721 -   3. Reinstall PyTorch with 
CUDA support:
2026-04-21 23:04:05.574 | WARNING  | ac
estep.gpu_config:_log_gpu_diagnostic_in
fo:722 -      pip install torch 
--index-url 
https://download.pytorch.org/whl/cu121
2026-04-21 23:04:05.574 | WARNING  | ac
estep.gpu_config:_log_gpu_diagnostic_in
fo:740 - ==============================
=======================================
===========
.2026-04-21 23:04:05.578 | WARNING  | a
cestep.gpu_config:_log_gpu_diagnostic_i
nfo:645 - =============================
=======================================
============
2026-04-21 23:04:05.578 | WARNING  | ac
estep.gpu_config:_log_gpu_diagnostic_in
fo:646 - \u26a0\ufe0f GPU NOT DETECTED 
- DIAGNOSTIC INFORMATION
2026-04-21 23:04:05.578 | WARNING  | ac
estep.gpu_config:_log_gpu_diagnostic_in
fo:647 - ==============================
=======================================
===========
2026-04-21 23:04:05.578 | WARNING  | ac
estep.gpu_config:_log_gpu_diagnostic_in
fo:707 - \u2713 PyTorch CUDA build 
detected
2026-04-21 23:04:05.578 | WARNING  | ac
estep.gpu_config:_log_gpu_diagnostic_in
fo:708 -   CUDA version: 12.8
2026-04-21 23:04:05.578 | WARNING  | ac
estep.gpu_config:_log_gpu_diagnostic_in
fo:709 - 
2026-04-21 23:04:05.578 | WARNING  | ac
estep.gpu_config:_log_gpu_diagnostic_in
fo:710 - \u274c 
torch.cuda.is_available() returned 
False
2026-04-21 23:04:05.578 | WARNING  | ac
estep.gpu_config:_log_gpu_diagnostic_in
fo:711 - 
2026-04-21 23:04:05.578 | WARNING  | ac
estep.gpu_config:_log_gpu_diagnostic_in
fo:712 - Common causes for NVIDIA GPUs:
2026-04-21 23:04:05.578 | WARNING  | ac
estep.gpu_config:_log_gpu_diagnostic_in
fo:713 -   1. NVIDIA drivers not 
installed
2026-04-21 23:04:05.578 | WARNING  | ac
estep.gpu_config:_log_gpu_diagnostic_in
fo:714 -   2. CUDA runtime not 
installed or version mismatch
2026-04-21 23:04:05.578 | WARNING  | ac
estep.gpu_config:_log_gpu_diagnostic_in
fo:715 -   3. GPU not supported by 
installed CUDA version
2026-04-21 23:04:05.578 | WARNING  | ac
estep.gpu_config:_log_gpu_diagnostic_in
fo:716 - 
2026-04-21 23:04:05.578 | WARNING  | ac
estep.gpu_config:_log_gpu_diagnostic_in
fo:717 - Troubleshooting steps:
2026-04-21 23:04:05.578 | WARNING  | ac
estep.gpu_config:_log_gpu_diagnostic_in
fo:718 -   1. Verify NVIDIA driver 
installation:
2026-04-21 23:04:05.578 | WARNING  | ac
estep.gpu_config:_log_gpu_diagnostic_in
fo:719 -      nvidia-smi  # Should 
list your GPU
2026-04-21 23:04:05.578 | WARNING  | ac
estep.gpu_config:_log_gpu_diagnostic_in
fo:720 -   2. Check CUDA version 
compatibility
2026-04-21 23:04:05.578 | WARNING  | ac
estep.gpu_config:_log_gpu_diagnostic_in
fo:721 -   3. Reinstall PyTorch with 
CUDA support:
2026-04-21 23:04:05.579 | WARNING  | ac
estep.gpu_config:_log_gpu_diagnostic_in
fo:722 -      pip install torch 
--index-url 
https://download.pytorch.org/whl/cu121
2026-04-21 23:04:05.579 | WARNING  | ac
estep.gpu_config:_log_gpu_diagnostic_in
fo:740 - ==============================
=======================================
===========
.2026-04-21 23:04:05.581 | WARNING  | a
cestep.gpu_config:_log_gpu_diagnostic_i
nfo:645 - =============================
=======================================
============
2026-04-21 23:04:05.581 | WARNING  | ac
estep.gpu_config:_log_gpu_diagnostic_in
fo:646 - \u26a0\ufe0f GPU NOT DETECTED 
- DIAGNOSTIC INFORMATION
2026-04-21 23:04:05.581 | WARNING  | ac
estep.gpu_config:_log_gpu_diagnostic_in
fo:647 - ==============================
=======================================
===========
2026-04-21 23:04:05.581 | WARNING  | ac
estep.gpu_config:_log_gpu_diagnostic_in
fo:707 - \u2713 PyTorch CUDA build 
detected
2026-04-21 23:04:05.581 | WARNING  | ac
estep.gpu_config:_log_gpu_diagnostic_in
fo:708 -   CUDA version: 12.8
2026-04-21 23:04:05.581 | WARNING  | ac
estep.gpu_config:_log_gpu_diagnostic_in
fo:709 - 
2026-04-21 23:04:05.581 | WARNING  | ac
estep.gpu_config:_log_gpu_diagnostic_in
fo:710 - \u274c 
torch.cuda.is_available() returned 
False
2026-04-21 23:04:05.581 | WARNING  | ac
estep.gpu_config:_log_gpu_diagnostic_in
fo:711 - 
2026-04-21 23:04:05.581 | WARNING  | ac
estep.gpu_config:_log_gpu_diagnostic_in
fo:712 - Common causes for NVIDIA GPUs:
2026-04-21 23:04:05.581 | WARNING  | ac
estep.gpu_config:_log_gpu_diagnostic_in
fo:713 -   1. NVIDIA drivers not 
installed
2026-04-21 23:04:05.581 | WARNING  | ac
estep.gpu_config:_log_gpu_diagnostic_in
fo:714 -   2. CUDA runtime not 
installed or version mismatch
2026-04-21 23:04:05.581 | WARNING  | ac
estep.gpu_config:_log_gpu_diagnostic_in
fo:715 -   3. GPU not supported by 
installed CUDA version
2026-04-21 23:04:05.582 | WARNING  | ac
estep.gpu_config:_log_gpu_diagnostic_in
fo:716 - 
2026-04-21 23:04:05.582 | WARNING  | ac
estep.gpu_config:_log_gpu_diagnostic_in
fo:717 - Troubleshooting steps:
2026-04-21 23:04:05.582 | WARNING  | ac
estep.gpu_config:_log_gpu_diagnostic_in
fo:718 -   1. Verify NVIDIA driver 
installation:
2026-04-21 23:04:05.582 | WARNING  | ac
estep.gpu_config:_log_gpu_diagnostic_in
fo:719 -      nvidia-smi  # Should 
list your GPU
2026-04-21 23:04:05.582 | WARNING  | ac
estep.gpu_config:_log_gpu_diagnostic_in
fo:720 -   2. Check CUDA version 
compatibility
2026-04-21 23:04:05.582 | WARNING  | ac
estep.gpu_config:_log_gpu_diagnostic_in
fo:721 -   3. Reinstall PyTorch with 
CUDA support:
2026-04-21 23:04:05.582 | WARNING  | ac
estep.gpu_config:_log_gpu_diagnostic_in
fo:722 -      pip install torch 
--index-url 
https://download.pytorch.org/whl/cu121
2026-04-21 23:04:05.582 | WARNING  | ac
estep.gpu_config:_log_gpu_diagnostic_in
fo:740 - ==============================
=======================================
===========
..2026-04-21 23:04:05.585 | WARNING  | 
acestep.gpu_config:_log_gpu_diagnostic_
info:645 - ============================
=======================================
=============
2026-04-21 23:04:05.585 | WARNING  | ac
estep.gpu_config:_log_gpu_diagnostic_in
fo:646 - \u26a0\ufe0f GPU NOT DETECTED 
- DIAGNOSTIC INFORMATION
2026-04-21 23:04:05.585 | WARNING  | ac
estep.gpu_config:_log_gpu_diagnostic_in
fo:647 - ==============================
=======================================
===========
2026-04-21 23:04:05.585 | WARNING  | ac
estep.gpu_config:_log_gpu_diagnostic_in
fo:707 - \u2713 PyTorch CUDA build 
detected
2026-04-21 23:04:05.585 | WARNING  | ac
estep.gpu_config:_log_gpu_diagnostic_in
fo:708 -   CUDA version: 12.8
2026-04-21 23:04:05.585 | WARNING  | ac
estep.gpu_config:_log_gpu_diagnostic_in
fo:709 - 
2026-04-21 23:04:05.585 | WARNING  | ac
estep.gpu_config:_log_gpu_diagnostic_in
fo:710 - \u274c 
torch.cuda.is_available() returned 
False
2026-04-21 23:04:05.585 | WARNING  | ac
estep.gpu_config:_log_gpu_diagnostic_in
fo:711 - 
2026-04-21 23:04:05.585 | WARNING  | ac
estep.gpu_config:_log_gpu_diagnostic_in
fo:712 - Common causes for NVIDIA GPUs:
2026-04-21 23:04:05.586 | WARNING  | ac
estep.gpu_config:_log_gpu_diagnostic_in
fo:713 -   1. NVIDIA drivers not 
installed
2026-04-21 23:04:05.586 | WARNING  | ac
estep.gpu_config:_log_gpu_diagnostic_in
fo:714 -   2. CUDA runtime not 
installed or version mismatch
2026-04-21 23:04:05.586 | WARNING  | ac
estep.gpu_config:_log_gpu_diagnostic_in
fo:715 -   3. GPU not supported by 
installed CUDA version
2026-04-21 23:04:05.586 | WARNING  | ac
estep.gpu_config:_log_gpu_diagnostic_in
fo:716 - 
2026-04-21 23:04:05.586 | WARNING  | ac
estep.gpu_config:_log_gpu_diagnostic_in
fo:717 - Troubleshooting steps:
2026-04-21 23:04:05.586 | WARNING  | ac
estep.gpu_config:_log_gpu_diagnostic_in
fo:718 -   1. Verify NVIDIA driver 
installation:
2026-04-21 23:04:05.586 | WARNING  | ac
estep.gpu_config:_log_gpu_diagnostic_in
fo:719 -      nvidia-smi  # Should 
list your GPU
2026-04-21 23:04:05.586 | WARNING  | ac
estep.gpu_config:_log_gpu_diagnostic_in
fo:720 -   2. Check CUDA version 
compatibility
2026-04-21 23:04:05.586 | WARNING  | ac
estep.gpu_config:_log_gpu_diagnostic_in
fo:721 -   3. Reinstall PyTorch with 
CUDA support:
2026-04-21 23:04:05.586 | WARNING  | ac
estep.gpu_config:_log_gpu_diagnostic_in
fo:722 -      pip install torch 
--index-url 
https://download.pytorch.org/whl/cu121
2026-04-21 23:04:05.586 | WARNING  | ac
estep.gpu_config:_log_gpu_diagnostic_in
fo:740 - ==============================
=======================================
===========
..2026-04-21 23:04:05.589 | WARNING  | 
acestep.gpu_config:_log_gpu_diagnostic_
info:645 - ============================
=======================================
=============
2026-04-21 23:04:05.589 | WARNING  | ac
estep.gpu_config:_log_gpu_diagnostic_in
fo:646 - \u26a0\ufe0f GPU NOT DETECTED 
- DIAGNOSTIC INFORMATION
2026-04-21 23:04:05.589 | WARNING  | ac
estep.gpu_config:_log_gpu_diagnostic_in
fo:647 - ==============================
=======================================
===========
2026-04-21 23:04:05.589 | WARNING  | ac
estep.gpu_config:_log_gpu_diagnostic_in
fo:707 - \u2713 PyTorch CUDA build 
detected
2026-04-21 23:04:05.589 | WARNING  | ac
estep.gpu_config:_log_gpu_diagnostic_in
fo:708 -   CUDA version: 12.8
2026-04-21 23:04:05.589 | WARNING  | ac
estep.gpu_config:_log_gpu_diagnostic_in
fo:709 - 
2026-04-21 23:04:05.589 | WARNING  | ac
estep.gpu_config:_log_gpu_diagnostic_in
fo:710 - \u274c 
torch.cuda.is_available() returned 
False
2026-04-21 23:04:05.590 | WARNING  | ac
estep.gpu_config:_log_gpu_diagnostic_in
fo:711 - 
2026-04-21 23:04:05.590 | WARNING  | ac
estep.gpu_config:_log_gpu_diagnostic_in
fo:712 - Common causes for NVIDIA GPUs:
2026-04-21 23:04:05.590 | WARNING  | ac
estep.gpu_config:_log_gpu_diagnostic_in
fo:713 -   1. NVIDIA drivers not 
installed
2026-04-21 23:04:05.590 | WARNING  | ac
estep.gpu_config:_log_gpu_diagnostic_in
fo:714 -   2. CUDA runtime not 
installed or version mismatch
2026-04-21 23:04:05.590 | WARNING  | ac
estep.gpu_config:_log_gpu_diagnostic_in
fo:715 -   3. GPU not supported by 
installed CUDA version
2026-04-21 23:04:05.590 | WARNING  | ac
estep.gpu_config:_log_gpu_diagnostic_in
fo:716 - 
2026-04-21 23:04:05.590 | WARNING  | ac
estep.gpu_config:_log_gpu_diagnostic_in
fo:717 - Troubleshooting steps:
2026-04-21 23:04:05.591 | WARNING  | ac
estep.gpu_config:_log_gpu_diagnostic_in
fo:718 -   1. Verify NVIDIA driver 
installation:
2026-04-21 23:04:05.591 | WARNING  | ac
estep.gpu_config:_log_gpu_diagnostic_in
fo:719 -      nvidia-smi  # Should 
list your GPU
2026-04-21 23:04:05.591 | WARNING  | ac
estep.gpu_config:_log_gpu_diagnostic_in
fo:720 -   2. Check CUDA version 
compatibility
2026-04-21 23:04:05.591 | WARNING  | ac
estep.gpu_config:_log_gpu_diagnostic_in
fo:721 -   3. Reinstall PyTorch with 
CUDA support:
2026-04-21 23:04:05.591 | WARNING  | ac
estep.gpu_config:_log_gpu_diagnostic_in
fo:722 -      pip install torch 
--index-url 
https://download.pytorch.org/whl/cu121
2026-04-21 23:04:05.591 | WARNING  | ac
estep.gpu_config:_log_gpu_diagnostic_in
fo:740 - ==============================
=======================================
===========
.......2026-04-21 23:04:05.705 | 
WARNING  | acestep.gpu_config:_log_gpu_
diagnostic_info:645 - =================
=======================================
========================
2026-04-21 23:04:05.705 | WARNING  | ac
estep.gpu_config:_log_gpu_diagnostic_in
fo:646 - \u26a0\ufe0f GPU NOT DETECTED 
- DIAGNOSTIC INFORMATION
2026-04-21 23:04:05.705 | WARNING  | ac
estep.gpu_config:_log_gpu_diagnostic_in
fo:647 - ==============================
=======================================
===========
2026-04-21 23:04:05.705 | WARNING  | ac
estep.gpu_config:_log_gpu_diagnostic_in
fo:707 - \u2713 PyTorch CUDA build 
detected
2026-04-21 23:04:05.705 | WARNING  | ac
estep.gpu_config:_log_gpu_diagnostic_in
fo:708 -   CUDA version: 12.8
2026-04-21 23:04:05.705 | WARNING  | ac
estep.gpu_config:_log_gpu_diagnostic_in
fo:709 - 
2026-04-21 23:04:05.705 | WARNING  | ac
estep.gpu_config:_log_gpu_diagnostic_in
fo:710 - \u274c 
torch.cuda.is_available() returned 
False
2026-04-21 23:04:05.705 | WARNING  | ac
estep.gpu_config:_log_gpu_diagnostic_in
fo:711 - 
2026-04-21 23:04:05.705 | WARNING  | ac
estep.gpu_config:_log_gpu_diagnostic_in
fo:712 - Common causes for NVIDIA GPUs:
2026-04-21 23:04:05.705 | WARNING  | ac
estep.gpu_config:_log_gpu_diagnostic_in
fo:713 -   1. NVIDIA drivers not 
installed
2026-04-21 23:04:05.705 | WARNING  | ac
estep.gpu_config:_log_gpu_diagnostic_in
fo:714 -   2. CUDA runtime not 
installed or version mismatch
2026-04-21 23:04:05.705 | WARNING  | ac
estep.gpu_config:_log_gpu_diagnostic_in
fo:715 -   3. GPU not supported by 
installed CUDA version
2026-04-21 23:04:05.705 | WARNING  | ac
estep.gpu_config:_log_gpu_diagnostic_in
fo:716 - 
2026-04-21 23:04:05.705 | WARNING  | ac
estep.gpu_config:_log_gpu_diagnostic_in
fo:717 - Troubleshooting steps:
2026-04-21 23:04:05.705 | WARNING  | ac
estep.gpu_config:_log_gpu_diagnostic_in
fo:718 -   1. Verify NVIDIA driver 
installation:
2026-04-21 23:04:05.705 | WARNING  | ac
estep.gpu_config:_log_gpu_diagnostic_in
fo:719 -      nvidia-smi  # Should 
list your GPU
2026-04-21 23:04:05.706 | WARNING  | ac
estep.gpu_config:_log_gpu_diagnostic_in
fo:720 -   2. Check CUDA version 
compatibility
2026-04-21 23:04:05.706 | WARNING  | ac
estep.gpu_config:_log_gpu_diagnostic_in
fo:721 -   3. Reinstall PyTorch with 
CUDA support:
2026-04-21 23:04:05.706 | WARNING  | ac
estep.gpu_config:_log_gpu_diagnostic_in
fo:722 -      pip install torch 
--index-url 
https://download.pytorch.org/whl/cu121
2026-04-21 23:04:05.706 | WARNING  | ac
estep.gpu_config:_log_gpu_diagnostic_in
fo:740 - ==============================
=======================================
===========
[API Server] First request received � lazy-loading models...
[Model Download] Downloading unified repo ACE-Step/Ace-Step1.5 to checkpoints...
[Model Download] Downloading unified repo ACE-Step/Ace-Step1.5 from ModelScope to checkpoints...
[Model Download] Retrying with cache_dir parameter...
[Model Download] ModelScope download completed: ok
[Model Download] Model acestep-v15-turbo not found, checking network...
[Model Download] Auto-detected: ModelScope
[Model Download] Using ModelScope...
[Model Download] ModelScope download failed: ms down
[Model Download] Trying HuggingFace as fallback...
[Model Download] Model acestep-v15-turbo not found, checking network...
[Model Download] Auto-detected: HuggingFace Hub
[Model Download] Using HuggingFace Hub...
[Model Download] HuggingFace download failed: hf down
[Model Download] Falling back to ModelScope...
[Model Download] Model acestep-v15-turbo already exists at checkpoints\acestep-v15-turbo
[Model Download] Model acestep-v15-turbo not found, checking network...
[Model Download] User preference: HuggingFace Hub
[Model Download] Using HuggingFace Hub...
Using preferred download source: huggingface
[API Server] LLM initialization enabled via --init-llm
[API Server] Using LM model: acestep-5Hz-lm-0.6B
[API Server] --no-init: Models will NOT be loaded at startup (lazy load on first request)
[API Server] LLM initialization enabled via --init-llm
[API Server] GPU auto-detection: init_llm=True (VRAM: 24.0GB, tier: high)
[API Server] ACESTEP_INIT_LLM=auto, using GPU auto-detection result
[API Server] Loading LLM model...
[API Server] Auto-selected LM model: acestep-5Hz-lm-1.1B based on GPU tier
[API Server] LLM model loaded: acestep-5Hz-lm-1.1B
[API Server] GPU auto-detection: init_llm=True (VRAM: 8.0GB, tier: mid)
[API Server] ACESTEP_INIT_LLM=false, overriding GPU auto-detection (force disable)
[API Server] Skipping LLM initialization (disabled or not supported for this GPU)
[API Server] LLM lazy loading disabled. To enable LLM:
[API Server]   - Set ACESTEP_INIT_LLM=true in .env or environment
[API Server]   - Or use --init-llm command line flag
[API Server] GPU auto-detection: init_llm=True (VRAM: 12.0GB, tier: tier5)
[API Server] ACESTEP_INIT_LLM=auto, using GPU auto-detection result
[API Server] Loading LLM model...
[API Server] Auto-selected LM model: acestep-5Hz-lm-0.6B based on GPU tier
[API Server] LLM model loaded: acestep-5Hz-lm-0.6B

============================================================
[API Server] GPU Configuration Detected:
============================================================
  GPU Memory: 24.00 GB
  Configuration Tier: high
  Max Duration (with LM): 180s
  Max Duration (without LM): 300s
  Max Batch Size (with LM): 2
  Max Batch Size (without LM): 4
  Default LM Init: True
  Available LM Models: ['acestep-5Hz-lm-1.1B']
============================================================

[API Server] Eager model loading enabled (ACESTEP_NO_INIT=false)
[API Server] Initializing models...
[API Server] CPU offload disabled by default (GPU >= 16GB)

============================================================
[API Server] GPU Configuration Detected:
============================================================
  GPU Memory: 24.00 GB
  Configuration Tier: high
  Max Duration (with LM): 180s
  Max Duration (without LM): 300s
  Max Batch Size (with LM): 2
  Max Batch Size (without LM): 4
  Default LM Init: True
  Available LM Models: ['acestep-5Hz-lm-1.1B']
============================================================

[API Server] Eager model loading enabled (ACESTEP_NO_INIT=false)
[API Server] Initializing models...
[API Server] CPU offload disabled by default (GPU >= 16GB)

============================================================
[API Server] GPU Configuration Detected:
============================================================
  GPU Memory: 24.00 GB
  Configuration Tier: high
  Max Duration (with LM): 180s
  Max Duration (without LM): 300s
  Max Batch Size (with LM): 2
  Max Batch Size (without LM): 4
  Default LM Init: True
  Available LM Models: ['acestep-5Hz-lm-1.1B']
============================================================

[API Server] Models will be lazy-loaded on first request
[API Server] Set ACESTEP_NO_INIT=false to load models at startup
[API Server] Server is ready to accept requests (models not loaded yet)

============================================================
[API Server] GPU Configuration Detected:
============================================================
  GPU Memory: 24.00 GB
  Configuration Tier: high
  Max Duration (with LM): 180s
  Max Duration (without LM): 300s
  Max Batch Size (with LM): 2
  Max Batch Size (without LM): 4
  Default LM Init: True
  Available LM Models: ['acestep-5Hz-lm-1.1B']
============================================================

[API Server] Models will be lazy-loaded on first request
[API Server] Set ACESTEP_NO_INIT=false to load models at startup
[API Server] Server is ready to accept requests (models not loaded yet)
.......................................
EEEE..E...EEEEEEEE......EE.............
.......................................
..........................EE...........
..............................2026-04-2
1 23:04:07.799 | DEBUG    | 
acestep.audio_utils:_save_mp3:178 - 
[AudioSaver] Saved audio to C:\Users\Ab
dul\AppData\Local\Temp\tmp32pmhygv\test
.mp3 (mp3, 44100Hz, 320k)
.2026-04-21 23:04:07.805 | DEBUG    | 
acestep.audio_utils:_save_mp3:178 - 
[AudioSaver] Saved audio to C:\Users\Ab
dul\AppData\Local\Temp\tmpn_7usudw\test
.mp3 (mp3, 48000Hz, 128k)
.2026-04-21 23:04:07.811 | DEBUG    | 
acestep.audio_utils:save_audio:314 - 
[AudioSaver] Saved audio to C:\Users\Ab
dul\AppData\Local\Temp\tmp9djnsb4v\conv
enience_test.aac (aac, 48000Hz)
.2026-04-21 23:04:07.814 | DEBUG    | 
acestep.audio_utils:save_audio:314 - 
[AudioSaver] Saved audio to C:\Users\Ab
dul\AppData\Local\Temp\tmp753802wv\conv
enience_test.opus (opus, 48000Hz)
.2026-04-21 23:04:07.818 | DEBUG    | 
acestep.audio_utils:save_audio:314 - 
[AudioSaver] Saved audio to C:\Users\Ab
dul\AppData\Local\Temp\tmpvnap6_3l\test
_file.aac (aac, 48000Hz)
.2026-04-21 23:04:07.821 | DEBUG    | 
acestep.audio_utils:save_audio:314 - 
[AudioSaver] Saved audio to C:\Users\Ab
dul\AppData\Local\Temp\tmpw1k2imrr\test
_file.opus (opus, 48000Hz)
....2026-04-21 23:04:07.831 | WARNING  
| acestep.audio_utils:__init__:131 - 
Unsupported format invalid, using 
'flac'
.2026-04-21 23:04:07.834 | DEBUG    | 
acestep.audio_utils:save_audio:314 - 
[AudioSaver] Saved audio to C:\Users\Ab
dul\AppData\Local\Temp\tmpl12pscuh\test
_file.m4a (aac, 48000Hz)
.2026-04-21 23:04:07.841 | DEBUG    | 
acestep.audio_utils:save_audio:314 - 
[AudioSaver] Saved audio to C:\Users\Ab
dul\AppData\Local\Temp\tmpcs1wg9kv\test
_numpy.opus (opus, 48000Hz)
.2026-04-21 23:04:07.845 | DEBUG    | 
acestep.audio_utils:save_audio:314 - 
[AudioSaver] Saved audio to C:\Users\Ab
dul\AppData\Local\Temp\tmpto7_6ukm\test
.aac (aac, 48000Hz)
.2026-04-21 23:04:07.848 | WARNING  | 
acestep.audio_utils:save_audio:219 - 
Unsupported format invalid_format, 
using flac
2026-04-21 23:04:07.849 | DEBUG    | 
acestep.audio_utils:save_audio:314 - 
[AudioSaver] Saved audio to C:\Users\Ab
dul\AppData\Local\Temp\tmp0_okhv3i\test
.flac (flac, 48000Hz)
.2026-04-21 23:04:07.852 | ERROR    | 
acestep.audio_utils:save_audio:319 - 
[AudioSaver] MP3 export failed without 
fallback: boom
...2026-04-21 23:04:07.861 | DEBUG    
| acestep.audio_utils:save_audio:314 - 
[AudioSaver] Saved audio to C:\Users\Ab
dul\AppData\Local\Temp\tmpunmuhxhv\test
.opus (opus, 48000Hz)
.2026-04-21 23:04:07.865 | DEBUG    | 
acestep.audio_utils:save_audio:314 - 
[AudioSaver] Saved audio to C:\Users\Ab
dul\AppData\Local\Temp\tmp1thmqcfo\test
_aac.aac (aac, 48000Hz)
.2026-04-21 23:04:07.868 | DEBUG    | 
acestep.audio_utils:save_audio:314 - 
[AudioSaver] Saved audio to C:\Users\Ab
dul\AppData\Local\Temp\tmpau_o48ic\test
_opus.opus (opus, 48000Hz)
......................2026-04-21 
23:04:07.900 | INFO     | acestep.core.
generation.handler.conditioning_embed:p
reprocess_batch:110 - 
[preprocess_batch] Inferring prompt 
embeddings...
2026-04-21 23:04:07.901 | INFO     | ac
estep.core.generation.handler.condition
ing_embed:preprocess_batch:113 - 
[preprocess_batch] Inferring lyric 
embeddings...
..........2026-04-21 23:04:07.906 | 
INFO     | acestep.core.generation.hand
ler.service_generate_execute:_execute_s
ervice_generate_diffusion:137 - 
[service_generate] Generating audio... 
(DiT backend: PyTorch (cpu))
2026-04-21 23:04:07.906 | INFO     | ac
estep.core.generation.handler.service_g
enerate_execute:_execute_service_genera
te_diffusion:220 - [service_generate] 
DiT diffusion via PyTorch (cpu)...
.......2026-04-21 23:04:07.910 | INFO  
   | acestep.core.generation.handler.ge
nerate_music_decode:_decode_generate_mu
sic_pred_latents:127 - 
[generate_music] Decoding latents with 
VAE...
2026-04-21 23:04:07.910 | DEBUG    | ac
estep.core.generation.handler.generate_
music_decode:_decode_generate_music_pre
d_latents:136 - [generate_music] 
Before VAE decode: allocated=0.00GB, 
max=0.00GB
2026-04-21 23:04:07.910 | INFO     | ac
estep.core.generation.handler.generate_
music_decode:_decode_generate_music_pre
d_latents:165 - [generate_music] 
Moving VAE to CPU for decode 
(ACESTEP_VAE_ON_CPU=1)...
2026-04-21 23:04:07.910 | INFO     | ac
estep.core.generation.handler.generate_
music_decode:_decode_generate_music_pre
d_latents:190 - [generate_music] 
Restoring VAE to original device after 
CPU decode path...
2026-04-21 23:04:07.910 | DEBUG    | ac
estep.core.generation.handler.generate_
music_decode:_decode_generate_music_pre
d_latents:193 - [generate_music] After 
VAE decode: allocated=0.00GB, 
max=0.00GB
.2026-04-21 23:04:08.225 | INFO     | a
cestep.core.generation.handler.generate
_music_decode:_decode_generate_music_pr
ed_latents:127 - [generate_music] 
Decoding latents with VAE...
2026-04-21 23:04:08.225 | DEBUG    | ac
estep.core.generation.handler.generate_
music_decode:_decode_generate_music_pre
d_latents:136 - [generate_music] 
Before VAE decode: allocated=0.00GB, 
max=0.00GB
2026-04-21 23:04:08.225 | INFO     | ac
estep.core.generation.handler.generate_
music_decode:_decode_generate_music_pre
d_latents:165 - [generate_music] 
Moving VAE to CPU for decode 
(ACESTEP_VAE_ON_CPU=1)...
2026-04-21 23:04:08.225 | INFO     | ac
estep.core.generation.handler.generate_
music_decode:_decode_generate_music_pre
d_latents:190 - [generate_music] 
Restoring VAE to original device after 
CPU decode path...
.2026-04-21 23:04:08.226 | INFO     | a
cestep.core.generation.handler.generate
_music_decode:_decode_generate_music_pr
ed_latents:127 - [generate_music] 
Decoding latents with VAE...
2026-04-21 23:04:08.227 | DEBUG    | ac
estep.core.generation.handler.generate_
music_decode:_decode_generate_music_pre
d_latents:136 - [generate_music] 
Before VAE decode: allocated=0.00GB, 
max=0.00GB
2026-04-21 23:04:08.227 | DEBUG    | ac
estep.core.generation.handler.generate_
music_decode:_decode_generate_music_pre
d_latents:193 - [generate_music] After 
VAE decode: allocated=0.00GB, 
max=0.00GB
.2026-04-21 23:04:08.554 | INFO     | a
cestep.core.generation.handler.generate
_music_decode:_prepare_generate_music_d
ecode_state:42 - [generate_music] 
Model generation completed. Decoding 
latents...
2026-04-21 23:04:08.554 | DEBUG    | ac
estep.core.generation.handler.generate_
music_decode:_prepare_generate_music_de
code_state:64 - [generate_music] 
pred_latents: torch.Size([1, 1, 1]), 
dtype=torch.float32
2026-04-21 23:04:08.554 | DEBUG    | ac
estep.core.generation.handler.generate_
music_decode:_prepare_generate_music_de
code_state:65 - [generate_music] 
time_costs: {'total_time_cost': 1.0, 
'offload_time_cost': 0.25}
.2026-04-21 23:04:08.555 | INFO     | a
cestep.core.generation.handler.generate
_music_decode:_prepare_generate_music_d
ecode_state:42 - [generate_music] 
Model generation completed. Decoding 
latents...
2026-04-21 23:04:08.555 | DEBUG    | ac
estep.core.generation.handler.generate_
music_decode:_prepare_generate_music_de
code_state:64 - [generate_music] 
pred_latents: torch.Size([1, 4, 3]), 
dtype=torch.float32
2026-04-21 23:04:08.555 | DEBUG    | ac
estep.core.generation.handler.generate_
music_decode:_prepare_generate_music_de
code_state:65 - [generate_music] 
time_costs: {'total_time_cost': 1.0, 
'diffusion_per_step_time_cost': 0.2, 
'offload_time_cost': 0.25}
..2026-04-21 23:04:08.558 | INFO     | 
acestep.core.generation.handler.generat
e_music_payload:_build_generate_music_s
uccess_payload:36 - [generate_music] 
VAE decode completed. Preparing audio 
tensors...
2026-04-21 23:04:08.558 | INFO     | ac
estep.core.generation.handler.generate_
music_payload:_build_generate_music_suc
cess_payload:48 - [generate_music] 
Done! Generated 1 audio tensors.
2026-04-21 23:04:08.559 | WARNING  | ac
estep.gpu_config:_log_gpu_diagnostic_in
fo:645 - ==============================
=======================================
===========
2026-04-21 23:04:08.559 | WARNING  | ac
estep.gpu_config:_log_gpu_diagnostic_in
fo:646 - \u26a0\ufe0f GPU NOT DETECTED 
- DIAGNOSTIC INFORMATION
2026-04-21 23:04:08.559 | WARNING  | ac
estep.gpu_config:_log_gpu_diagnostic_in
fo:647 - ==============================
=======================================
===========
2026-04-21 23:04:08.559 | WARNING  | ac
estep.gpu_config:_log_gpu_diagnostic_in
fo:707 - \u2713 PyTorch CUDA build 
detected
2026-04-21 23:04:08.559 | WARNING  | ac
estep.gpu_config:_log_gpu_diagnostic_in
fo:708 -   CUDA version: 12.8
2026-04-21 23:04:08.559 | WARNING  | ac
estep.gpu_config:_log_gpu_diagnostic_in
fo:709 - 
2026-04-21 23:04:08.559 | WARNING  | ac
estep.gpu_config:_log_gpu_diagnostic_in
fo:710 - \u274c 
torch.cuda.is_available() returned 
False
2026-04-21 23:04:08.559 | WARNING  | ac
estep.gpu_config:_log_gpu_diagnostic_in
fo:711 - 
2026-04-21 23:04:08.559 | WARNING  | ac
estep.gpu_config:_log_gpu_diagnostic_in
fo:712 - Common causes for NVIDIA GPUs:
2026-04-21 23:04:08.559 | WARNING  | ac
estep.gpu_config:_log_gpu_diagnostic_in
fo:713 -   1. NVIDIA drivers not 
installed
2026-04-21 23:04:08.559 | WARNING  | ac
estep.gpu_config:_log_gpu_diagnostic_in
fo:714 -   2. CUDA runtime not 
installed or version mismatch
2026-04-21 23:04:08.560 | WARNING  | ac
estep.gpu_config:_log_gpu_diagnostic_in
fo:715 -   3. GPU not supported by 
installed CUDA version
2026-04-21 23:04:08.560 | WARNING  | ac
estep.gpu_config:_log_gpu_diagnostic_in
fo:716 - 
2026-04-21 23:04:08.560 | WARNING  | ac
estep.gpu_config:_log_gpu_diagnostic_in
fo:717 - Troubleshooting steps:
2026-04-21 23:04:08.560 | WARNING  | ac
estep.gpu_config:_log_gpu_diagnostic_in
fo:718 -   1. Verify NVIDIA driver 
installation:
2026-04-21 23:04:08.560 | WARNING  | ac
estep.gpu_config:_log_gpu_diagnostic_in
fo:719 -      nvidia-smi  # Should 
list your GPU
2026-04-21 23:04:08.560 | WARNING  | ac
estep.gpu_config:_log_gpu_diagnostic_in
fo:720 -   2. Check CUDA version 
compatibility
2026-04-21 23:04:08.560 | WARNING  | ac
estep.gpu_config:_log_gpu_diagnostic_in
fo:721 -   3. Reinstall PyTorch with 
CUDA support:
2026-04-21 23:04:08.560 | WARNING  | ac
estep.gpu_config:_log_gpu_diagnostic_in
fo:722 -      pip install torch 
--index-url 
https://download.pytorch.org/whl/cu121
2026-04-21 23:04:08.560 | WARNING  | ac
estep.gpu_config:_log_gpu_diagnostic_in
fo:740 - ==============================
=======================================
===========
.2026-04-21 23:04:08.561 | INFO     | a
cestep.core.generation.handler.generate
_music_payload:_build_generate_music_su
ccess_payload:36 - [generate_music] 
VAE decode completed. Preparing audio 
tensors...
2026-04-21 23:04:08.561 | INFO     | ac
estep.core.generation.handler.generate_
music_payload:_build_generate_music_suc
cess_payload:48 - [generate_music] 
Done! Generated 1 audio tensors.
.2026-04-21 23:04:08.562 | INFO     | a
cestep.core.generation.handler.generate
_music_payload:_build_generate_music_su
ccess_payload:36 - [generate_music] 
VAE decode completed. Preparing audio 
tensors...
2026-04-21 23:04:08.562 | INFO     | ac
estep.core.generation.handler.generate_
music_payload:_build_generate_music_suc
cess_payload:48 - [generate_music] 
Done! Generated 1 audio tensors.
.2026-04-21 23:04:08.562 | INFO     | a
cestep.core.generation.handler.generate
_music_payload:_build_generate_music_su
ccess_payload:36 - [generate_music] 
VAE decode completed. Preparing audio 
tensors...
2026-04-21 23:04:08.562 | INFO     | ac
estep.core.generation.handler.generate_
music_payload:_build_generate_music_suc
cess_payload:48 - [generate_music] 
Done! Generated 1 audio tensors.
..2026-04-21 23:04:08.570 | INFO     | 
acestep.core.generation.handler.generat
e_music_request:_prepare_reference_and_
source_audio:138 - [generate_music] 
cover task: no src_audio but audio 
codes provided, proceeding with codes
.2026-04-21 23:04:08.572 | INFO     | a
cestep.core.generation.handler.generate
_music_request:_prepare_reference_and_s
ource_audio:117 - [generate_music] 
text2music task does not use 
src_audio, ignoring
.2026-04-21 23:04:08.572 | INFO     | a
cestep.core.generation.handler.generate
_music_request:_prepare_reference_and_s
ource_audio:96 - [generate_music] 
Processing reference audio...
.2026-04-21 23:04:08.574 | INFO     | a
cestep.core.generation.handler.generate
_music_request:_prepare_reference_and_s
ource_audio:122 - [generate_music] 
Processing source audio...
2026-04-21 23:04:08.574 | ERROR    | ac
estep.core.generation.handler.generate_
music_request:_prepare_reference_and_so
urce_audio:125 - [generate_music] 
Source audio is invalid after 
processing
..2026-04-21 23:04:08.575 | INFO     | 
acestep.core.generation.handler.generat
e_music_request:_prepare_reference_and_
source_audio:138 - [generate_music] 
repaint task: no src_audio but audio 
codes provided, proceeding with codes
...2026-04-21 23:04:08.576 | INFO     
| acestep.core.generation.handler.gener
ate_music:generate_music:278 - 
[generate_music] Starting generation...
2026-04-21 23:04:08.576 | INFO     | ac
estep.core.generation.handler.generate_
music:generate_music:281 - 
[generate_music] Preparing inputs...
2026-04-21 23:04:08.578 | ERROR    | ac
estep.core.generation.handler.generate_
music:generate_music:424 - 
[generate_music] Generation failed
Traceback (most recent call last):

  File "<frozen runpy>", line 198, in 
_run_module_as_main
  File "<frozen runpy>", line 88, in 
_run_code
  File "C:\Users\Abdul\AppData\Roaming\
uv\python\cpython-3.12-windows-x86_64-n
one\Lib\unittest\__main__.py", line 
18, in <module>
    main(module=None)
    -> <class 
'unittest.main.TestProgram'>
  File "C:\Users\Abdul\AppData\Roaming\
uv\python\cpython-3.12-windows-x86_64-n
one\Lib\unittest\main.py", line 105, 
in __init__
    self.runTests()
    |    -> <function 
TestProgram.runTests at 
0x0000026B3CBD5E40>
    -> <unittest.main.TestProgram 
object at 0x0000026B3C3D7E30>
  File "C:\Users\Abdul\AppData\Roaming\
uv\python\cpython-3.12-windows-x86_64-n
one\Lib\unittest\main.py", line 281, 
in runTests
    self.result = 
testRunner.run(self.test)
    |             |          |   |    
-> <unittest.suite.TestSuite 
tests=[None, None, None, None, None, 
None, None, None, None, None, None, 
None, None, None, None, No...
    |             |          |   -> 
<unittest.main.TestProgram object at 
0x0000026B3C3D7E30>
    |             |          -> 
<function TextTestRunner.run at 
0x0000026B3CBD56C0>
    |             -> 
<unittest.runner.TextTestRunner object 
at 0x0000026B1A233230>
    -> <unittest.main.TestProgram 
object at 0x0000026B3C3D7E30>
  File "C:\Users\Abdul\AppData\Roaming\
uv\python\cpython-3.12-windows-x86_64-n
one\Lib\unittest\runner.py", line 240, 
in run
    test(result)
    |    -> 
<unittest.runner.TextTestResult 
run=302 errors=17 failures=0>
    -> <unittest.suite.TestSuite 
tests=[None, None, None, None, None, 
None, None, None, None, None, None, 
None, None, None, None, No...
  File "C:\Users\Abdul\AppData\Roaming\
uv\python\cpython-3.12-windows-x86_64-n
one\Lib\unittest\suite.py", line 84, 
in __call__
    return self.run(*args, **kwds)
           |    |    |       -> {}
           |    |    -> 
(<unittest.runner.TextTestResult 
run=302 errors=17 failures=0>,)
           |    -> <function 
TestSuite.run at 0x0000026B3CB7D1C0>
           -> 
<unittest.suite.TestSuite tests=[None, 
None, None, None, None, None, None, 
None, None, None, None, None, None, 
None, None, No...
  File "C:\Users\Abdul\AppData\Roaming\
uv\python\cpython-3.12-windows-x86_64-n
one\Lib\unittest\suite.py", line 122, 
in run
    test(result)
    |    -> 
<unittest.runner.TextTestResult 
run=302 errors=17 failures=0>
    -> <unittest.suite.TestSuite 
tests=[<unittest.suite.TestSuite tests=
[<acestep.core.generation.handler.gener
ate_music_test.Genera...
  File "C:\Users\Abdul\AppData\Roaming\
uv\python\cpython-3.12-windows-x86_64-n
one\Lib\unittest\suite.py", line 84, 
in __call__
    return self.run(*args, **kwds)
           |    |    |       -> {}
           |    |    -> 
(<unittest.runner.TextTestResult 
run=302 errors=17 failures=0>,)
           |    -> <function 
TestSuite.run at 0x0000026B3CB7D1C0>
           -> 
<unittest.suite.TestSuite 
tests=[<unittest.suite.TestSuite tests=
[<acestep.core.generation.handler.gener
ate_music_test.Genera...
  File "C:\Users\Abdul\AppData\Roaming\
uv\python\cpython-3.12-windows-x86_64-n
one\Lib\unittest\suite.py", line 122, 
in run
    test(result)
    |    -> 
<unittest.runner.TextTestResult 
run=302 errors=17 failures=0>
    -> <unittest.suite.TestSuite tests=
[<acestep.core.generation.handler.gener
ate_music_test.GenerateMusicMixinTests 
testMethod=test...
  File "C:\Users\Abdul\AppData\Roaming\
uv\python\cpython-3.12-windows-x86_64-n
one\Lib\unittest\suite.py", line 84, 
in __call__
    return self.run(*args, **kwds)
           |    |    |       -> {}
           |    |    -> 
(<unittest.runner.TextTestResult 
run=302 errors=17 failures=0>,)
           |    -> <function 
TestSuite.run at 0x0000026B3CB7D1C0>
           -> 
<unittest.suite.TestSuite tests=[<acest
ep.core.generation.handler.generate_mus
ic_test.GenerateMusicMixinTests 
testMethod=test...
  File "C:\Users\Abdul\AppData\Roaming\
uv\python\cpython-3.12-windows-x86_64-n
one\Lib\unittest\suite.py", line 122, 
in run
    test(result)
    |    -> 
<unittest.runner.TextTestResult 
run=302 errors=17 failures=0>
    -> <acestep.core.generation.handler
.generate_music_test.GenerateMusicMixin
Tests testMethod=test_generate_music_re
turns_error_pay...
  File "C:\Users\Abdul\AppData\Roaming\
uv\python\cpython-3.12-windows-x86_64-n
one\Lib\unittest\case.py", line 690, 
in __call__
    return self.run(*args, **kwds)
           |    |    |       -> {}
           |    |    -> 
(<unittest.runner.TextTestResult 
run=302 errors=17 failures=0>,)
           |    -> <function 
TestCase.run at 0x0000026B3CB7A340>
           -> <acestep.core.generation.
handler.generate_music_test.GenerateMus
icMixinTests testMethod=test_generate_m
usic_returns_error_pay...
  File "C:\Users\Abdul\AppData\Roaming\
uv\python\cpython-3.12-windows-x86_64-n
one\Lib\unittest\case.py", line 634, 
in run
    self._callTestMethod(testMethod)
    |    |               -> <bound 
method GenerateMusicMixinTests.test_gen
erate_music_returns_error_payload_on_ex
ception of 
<acestep.core.generation.hand...
    |    -> <function 
TestCase._callTestMethod at 
0x0000026B3CB7A160>
    -> <acestep.core.generation.handler
.generate_music_test.GenerateMusicMixin
Tests testMethod=test_generate_music_re
turns_error_pay...
  File "C:\Users\Abdul\AppData\Roaming\
uv\python\cpython-3.12-windows-x86_64-n
one\Lib\unittest\case.py", line 589, 
in _callTestMethod
    if method() is not None:
       -> <bound method GenerateMusicMi
xinTests.test_generate_music_returns_er
ror_payload_on_exception of 
<acestep.core.generation.hand...

  File "C:\Users\Abdul\OneDrive\Documen
ts\GitHub\ACE-Step-1.5\acestep\core\gen
eration\handler\generate_music_test.py"
, line 201, in test_generate_music_retu
rns_error_payload_on_exception
    out = 
host.generate_music(captions="cap", 
lyrics="lyr")
          |    -> <function 
GenerateMusicMixin.generate_music at 
0x0000026B1A049580>
          -> <acestep.core.generation.h
andler.generate_music_test._Host 
object at 0x0000026B19546420>

> File "C:\Users\Abdul\OneDrive\Documen
ts\GitHub\ACE-Step-1.5\acestep\core\gen
eration\handler\generate_music.py", 
line 297, in generate_music
    refer_audios, processed_src_audio, 
audio_error = self._prepare_reference_a
nd_source_audio(
                                       
              |    -> <function Generat
eMusicMixinTests.test_generate_music_re
turns_error_payload_on_exception.<local
s>._raise_error at 0x0000026B1...
                                       
              -> <acestep.core.generati
on.handler.generate_music_test._Host 
object at 0x0000026B19546420>

  File "C:\Users\Abdul\OneDrive\Documen
ts\GitHub\ACE-Step-1.5\acestep\core\gen
eration\handler\generate_music_test.py"
, line 198, in _raise_error
    raise RuntimeError("boom")

RuntimeError: boom
..2026-04-21 23:04:08.587 | INFO     | 
acestep.core.generation.handler.generat
e_music:generate_music:278 - 
[generate_music] Starting generation...
2026-04-21 23:04:08.587 | INFO     | ac
estep.core.generation.handler.generate_
music:generate_music:281 - 
[generate_music] Preparing inputs...
.2026-04-21 23:04:08.873 | INFO     | a
cestep.core.generation.handler.generate
_music:generate_music:278 - 
[generate_music] Starting generation...
2026-04-21 23:04:08.873 | INFO     | ac
estep.core.generation.handler.generate_
music:generate_music:281 - 
[generate_music] Preparing inputs...
.2026-04-21 23:04:09.138 | INFO     | a
cestep.core.generation.handler.generate
_music:generate_music:263 - 
[generate_music] Turbo model detected: 
overriding guidance_scale 7.0 -> 1.0 
(turbo does not use CFG).
2026-04-21 23:04:09.138 | INFO     | ac
estep.core.generation.handler.generate_
music:generate_music:278 - 
[generate_music] Starting generation...
2026-04-21 23:04:09.138 | INFO     | ac
estep.core.generation.handler.generate_
music:generate_music:281 - 
[generate_music] Preparing inputs...
.2026-04-21 23:04:09.425 | INFO     | a
cestep.core.generation.handler.generate
_music:_vram_preflight_check:156 - 
[generate_music] VRAM pre-flight: 3.40 
GB free, ~5.42 GB needed (batch=2, 
duration=246s, mode=base).
2026-04-21 23:04:09.425 | WARNING  | ac
estep.core.generation.handler.generate_
music:_vram_preflight_check:171 - 
[generate_music] VRAM pre-flight 
failed: Insufficient free VRAM: need 
~5.4 GB, only 3.4 GB available. Reduce 
batch size (currently 2) or audio 
duration (currently 246s).
..2026-04-21 23:04:09.428 | INFO     | 
acestep.core.generation.handler.generat
e_music:_vram_preflight_check:156 - 
[generate_music] VRAM pre-flight: 
24.00 GB free, ~5.42 GB needed 
(batch=2, duration=246s, mode=base).
.2026-04-21 23:04:09.429 | DEBUG    | a
cestep.core.generation.handler.generate
_music:_vram_preflight_check:132 - 
[generate_music] VRAM pre-flight: 
skipping check (offload_to_cpu=True, 
models loaded one-at-a-time)
.2026-04-21 23:04:09.430 | WARNING  | a
cestep.core.generation.handler.init_ser
vice_loader:_apply_cuda_bool_argsort_wo
rkaround:73 - [initialize_service] 
Applied CUDA bool-argsort workaround 
to 
dummy_cuda_pack_module.pack_sequences
.2026-04-21 23:04:09.430 | INFO     | a
cestep.core.generation.handler.init_ser
vice_loader:_apply_dit_quantization:113
 - [initialize_service] DiT quantized 
with: int8_weight_only
...2026-04-21 23:04:09.432 | INFO     
| acestep.core.generation.handler.init_
service_setup:_configure_initialize_run
time:72 - [initialize_service] MPS 
detected: torch.compile is not 
supported - redirecting to mx.compile 
for MLX components.
2026-04-21 23:04:09.432 | WARNING  | ac
estep.core.generation.handler.init_serv
ice_setup:_configure_initialize_runtime
:79 - [initialize_service] 
Quantization (torchao) is not 
supported on MPS; disabling.
.2026-04-21 23:04:09.433 | DEBUG    | a
cestep.core.generation.handler.init_ser
vice_loader:_cuda_supports_bool_argsort
:29 - [_cuda_supports_bool_argsort] 
Treating CUDA bool argsort probe 
failure as unsupported: unexpected 
argsort failure
.....2026-04-21 23:04:09.436 | INFO    
 | acestep.core.generation.handler.init
_service_downloads:_ensure_models_prese
nt:28 - [initialize_service] Main 
model not found, starting 
auto-download...
.2026-04-21 23:04:09.436 | DEBUG    | a
cestep.core.generation.handler.init_ser
vice_memory_basic:_get_affine_quantized
_tensor_class:121 - 
[_get_affine_quantized_tensor_class] 
failed to import AffineQuantizedTensor 
from torchao.dtypes.affine_quantized_te
nsor: incompatible torchao build
2026-04-21 23:04:09.437 | DEBUG    | ac
estep.core.generation.handler.init_serv
ice_memory_basic:_get_affine_quantized_
tensor_class:129 - 
[_get_affine_quantized_tensor_class] 
failed to import AffineQuantizedTensor 
from 
torchao.quantization.affine_quantized: 
incompatible torchao build
.2026-04-21 23:04:09.437 | DEBUG    | a
cestep.core.generation.handler.memory_u
tils:_get_auto_decode_chunk_size:108 - 
[_get_auto_decode_chunk_size] 
Effective free VRAM: 24.00 GB
.....2026-04-21 23:04:09.442 | WARNING 
 | acestep.core.generation.handler.init
_service_orchestrator:initialize_servic
e:109 - [initialize_service] 
Quantization disabled: torchao 
incompatible
.2026-04-21 23:04:09.445 | ERROR    | a
cestep.core.generation.handler.init_ser
vice_orchestrator:initialize_service:20
5 - Error initializing model: load 
failed

Traceback:
Traceback (most recent call last):
  File "C:\Users\Abdul\OneDrive\Documen
ts\GitHub\ACE-Step-1.5\acestep\core\gen
eration\handler\init_service_orchestrat
or.py", line 144, in initialize_service
    
self._load_main_model_from_checkpoint(
  File "C:\Users\Abdul\AppData\Roaming\
uv\python\cpython-3.12-windows-x86_64-n
one\Lib\unittest\mock.py", line 1139, 
in __call__
    return self._mock_call(*args, 
**kwargs)
           
^^^^^^^^^^^^^^^^^^^^^^^^^^^^^^^^
  File "C:\Users\Abdul\AppData\Roaming\
uv\python\cpython-3.12-windows-x86_64-n
one\Lib\unittest\mock.py", line 1143, 
in _mock_call
    return 
self._execute_mock_call(*args, 
**kwargs)
           ^^^^^^^^^^^^^^^^^^^^^^^^^^^^
^^^^^^^^^^^^
  File "C:\Users\Abdul\AppData\Roaming\
uv\python\cpython-3.12-windows-x86_64-n
one\Lib\unittest\mock.py", line 1198, 
in _execute_mock_call
    raise effect
RuntimeError: load failed

Traceback (most recent call last):

  File "<frozen runpy>", line 198, in 
_run_module_as_main
  File "<frozen runpy>", line 88, in 
_run_code
  File "C:\Users\Abdul\AppData\Roaming\
uv\python\cpython-3.12-windows-x86_64-n
one\Lib\unittest\__main__.py", line 
18, in <module>
    main(module=None)
    -> <class 
'unittest.main.TestProgram'>
  File "C:\Users\Abdul\AppData\Roaming\
uv\python\cpython-3.12-windows-x86_64-n
one\Lib\unittest\main.py", line 105, 
in __init__
    self.runTests()
    |    -> <function 
TestProgram.runTests at 
0x0000026B3CBD5E40>
    -> <unittest.main.TestProgram 
object at 0x0000026B3C3D7E30>
  File "C:\Users\Abdul\AppData\Roaming\
uv\python\cpython-3.12-windows-x86_64-n
one\Lib\unittest\main.py", line 281, 
in runTests
    self.result = 
testRunner.run(self.test)
    |             |          |   |    
-> <unittest.suite.TestSuite 
tests=[None, None, None, None, None, 
None, None, None, None, None, None, 
None, None, None, None, No...
    |             |          |   -> 
<unittest.main.TestProgram object at 
0x0000026B3C3D7E30>
    |             |          -> 
<function TextTestRunner.run at 
0x0000026B3CBD56C0>
    |             -> 
<unittest.runner.TextTestRunner object 
at 0x0000026B1A233230>
    -> <unittest.main.TestProgram 
object at 0x0000026B3C3D7E30>
  File "C:\Users\Abdul\AppData\Roaming\
uv\python\cpython-3.12-windows-x86_64-n
one\Lib\unittest\runner.py", line 240, 
in run
    test(result)
    |    -> 
<unittest.runner.TextTestResult 
run=329 errors=17 failures=0>
    -> <unittest.suite.TestSuite 
tests=[None, None, None, None, None, 
None, None, None, None, None, None, 
None, None, None, None, No...
  File "C:\Users\Abdul\AppData\Roaming\
uv\python\cpython-3.12-windows-x86_64-n
one\Lib\unittest\suite.py", line 84, 
in __call__
    return self.run(*args, **kwds)
           |    |    |       -> {}
           |    |    -> 
(<unittest.runner.TextTestResult 
run=329 errors=17 failures=0>,)
           |    -> <function 
TestSuite.run at 0x0000026B3CB7D1C0>
           -> 
<unittest.suite.TestSuite tests=[None, 
None, None, None, None, None, None, 
None, None, None, None, None, None, 
None, None, No...
  File "C:\Users\Abdul\AppData\Roaming\
uv\python\cpython-3.12-windows-x86_64-n
one\Lib\unittest\suite.py", line 122, 
in run
    test(result)
    |    -> 
<unittest.runner.TextTestResult 
run=329 errors=17 failures=0>
    -> <unittest.suite.TestSuite 
tests=[<unittest.suite.TestSuite 
tests=[None, None, None, None, None, 
None, None, None, None, None,...
  File "C:\Users\Abdul\AppData\Roaming\
uv\python\cpython-3.12-windows-x86_64-n
one\Lib\unittest\suite.py", line 84, 
in __call__
    return self.run(*args, **kwds)
           |    |    |       -> {}
           |    |    -> 
(<unittest.runner.TextTestResult 
run=329 errors=17 failures=0>,)
           |    -> <function 
TestSuite.run at 0x0000026B3CB7D1C0>
           -> 
<unittest.suite.TestSuite 
tests=[<unittest.suite.TestSuite 
tests=[None, None, None, None, None, 
None, None, None, None, None,...
  File "C:\Users\Abdul\AppData\Roaming\
uv\python\cpython-3.12-windows-x86_64-n
one\Lib\unittest\suite.py", line 122, 
in run
    test(result)
    |    -> 
<unittest.runner.TextTestResult 
run=329 errors=17 failures=0>
    -> <unittest.suite.TestSuite 
tests=[None, None, None, None, None, 
None, None, None, None, None, None, 
None, None, None, None, No...
  File "C:\Users\Abdul\AppData\Roaming\
uv\python\cpython-3.12-windows-x86_64-n
one\Lib\unittest\suite.py", line 84, 
in __call__
    return self.run(*args, **kwds)
           |    |    |       -> {}
           |    |    -> 
(<unittest.runner.TextTestResult 
run=329 errors=17 failures=0>,)
           |    -> <function 
TestSuite.run at 0x0000026B3CB7D1C0>
           -> 
<unittest.suite.TestSuite tests=[None, 
None, None, None, None, None, None, 
None, None, None, None, None, None, 
None, None, No...
  File "C:\Users\Abdul\AppData\Roaming\
uv\python\cpython-3.12-windows-x86_64-n
one\Lib\unittest\suite.py", line 122, 
in run
    test(result)
    |    -> 
<unittest.runner.TextTestResult 
run=329 errors=17 failures=0>
    -> <acestep.core.generation.handler
.init_service_test.InitServiceMixinTest
s testMethod=test_initialize_service_re
turns_error_pay...
  File "C:\Users\Abdul\AppData\Roaming\
uv\python\cpython-3.12-windows-x86_64-n
one\Lib\unittest\case.py", line 690, 
in __call__
    return self.run(*args, **kwds)
           |    |    |       -> {}
           |    |    -> 
(<unittest.runner.TextTestResult 
run=329 errors=17 failures=0>,)
           |    -> <function 
TestCase.run at 0x0000026B3CB7A340>
           -> <acestep.core.generation.
handler.init_service_test.InitServiceMi
xinTests testMethod=test_initialize_ser
vice_returns_error_pay...
  File "C:\Users\Abdul\AppData\Roaming\
uv\python\cpython-3.12-windows-x86_64-n
one\Lib\unittest\case.py", line 634, 
in run
    self._callTestMethod(testMethod)
    |    |               -> <bound 
method InitServiceMixinTests.test_initi
alize_service_returns_error_payload_whe
n_loader_raises of 
<acestep.core.generat...
    |    -> <function 
TestCase._callTestMethod at 
0x0000026B3CB7A160>
    -> <acestep.core.generation.handler
.init_service_test.InitServiceMixinTest
s testMethod=test_initialize_service_re
turns_error_pay...
  File "C:\Users\Abdul\AppData\Roaming\
uv\python\cpython-3.12-windows-x86_64-n
one\Lib\unittest\case.py", line 589, 
in _callTestMethod
    if method() is not None:
       -> <bound method InitServiceMixi
nTests.test_initialize_service_returns_
error_payload_when_loader_raises of 
<acestep.core.generat...

  File "C:\Users\Abdul\OneDrive\Documen
ts\GitHub\ACE-Step-1.5\acestep\core\gen
eration\handler\init_service_test.py", 
line 487, in test_initialize_service_re
turns_error_payload_when_loader_raises
    status, ok = 
host.initialize_service(
                 |    -> <function Init
ServiceOrchestratorMixin.initialize_ser
vice at 0x0000026B6BA0CFE0>
                 -> <acestep.core.gener
ation.handler.init_service_test._Host 
object at 0x0000026B1B06B4D0>

> File "C:\Users\Abdul\OneDrive\Documen
ts\GitHub\ACE-Step-1.5\acestep\core\gen
eration\handler\init_service_orchestrat
or.py", line 144, in initialize_service
    
self._load_main_model_from_checkpoint(
    |    -> <MagicMock name='_load_main
_model_from_checkpoint' 
id='2659008679232'>
    -> <acestep.core.generation.handler
.init_service_test._Host object at 
0x0000026B1B06B4D0>

  File "C:\Users\Abdul\AppData\Roaming\
uv\python\cpython-3.12-windows-x86_64-n
one\Lib\unittest\mock.py", line 1139, 
in __call__
    return self._mock_call(*args, 
**kwargs)
           |    |           |       -> 
{'model_checkpoint_path': 'K:/fake_root
\\checkpoints\\acestep-v15-turbo', 
'device': 'cpu', 
'use_flash_attention': False, 'com...
           |    |           -> ()
           |    -> <function 
CallableMixin._mock_call at 
0x0000026B3EB896C0>
           -> <MagicMock name='_load_ma
in_model_from_checkpoint' 
id='2659008679232'>
  File "C:\Users\Abdul\AppData\Roaming\
uv\python\cpython-3.12-windows-x86_64-n
one\Lib\unittest\mock.py", line 1143, 
in _mock_call
    return 
self._execute_mock_call(*args, 
**kwargs)
           |    |                   |  
     -> {'model_checkpoint_path': 'K:/f
ake_root\\checkpoints\\acestep-v15-turb
o', 'device': 'cpu', 
'use_flash_attention': False, 'com...
           |    |                   -> 
()
           |    -> <function 
CallableMixin._execute_mock_call at 
0x0000026B3EB89800>
           -> <MagicMock name='_load_ma
in_model_from_checkpoint' 
id='2659008679232'>
  File "C:\Users\Abdul\AppData\Roaming\
uv\python\cpython-3.12-windows-x86_64-n
one\Lib\unittest\mock.py", line 1198, 
in _execute_mock_call
    raise effect
          -> RuntimeError('load 
failed')

RuntimeError: load failed
.....2026-04-21 23:04:09.460 | INFO    
 | acestep.core.generation.handler.init
_service_catalog:is_flash_attention_ava
ilable:61 - 
[is_flash_attention_available] GPU 
compute capability 7.x < 8.0 
(pre-Ampere) � FlashAttention not 
supported, will use SDPA instead.
.......2026-04-21 23:04:09.473 | 
WARNING  | acestep.core.generation.hand
ler.init_service_loader:_load_main_mode
l_from_checkpoint:138 - 
[initialize_service] 
cuda.synchronize() failed during 
pre-load cleanup: oom during sync. 
Continuing with fresh load attempt.
2026-04-21 23:04:09.473 | INFO     | ac
estep.core.generation.handler.init_serv
ice_loader:_load_main_model_from_checkp
oint:174 - [initialize_service] 
Attempting to load model with 
attention implementation: sdpa
E2026-04-21 23:04:09.483 | INFO     | a
cestep.core.generation.handler.init_ser
vice_offload_context:_load_model_contex
t:41 - [_load_model_context] Loading 
vae to cpu (RSS: 0 MB)
2026-04-21 23:04:09.761 | INFO     | ac
estep.core.generation.handler.init_serv
ice_offload_context:_load_model_context
:58 - [_load_model_context] Loaded vae 
to cpu in 0.0000s (RSS: 0 -> 0 MB, 
delta: +0 MB)
2026-04-21 23:04:09.761 | INFO     | ac
estep.core.generation.handler.init_serv
ice_offload_context:_load_model_context
:67 - [_load_model_context] Offloading 
vae to CPU (RSS: 0 MB)
2026-04-21 23:04:10.006 | INFO     | ac
estep.core.generation.handler.init_serv
ice_offload_context:_load_model_context
:83 - [_load_model_context] Offloaded 
vae to CPU in 0.0000s (RSS: 0 -> 0 MB, 
delta: +0 MB)
.....2026-04-21 23:04:10.009 | INFO    
 | acestep.core.generation.handler.init
_service_memory_transfer:_recursive_to_
device:90 - [_recursive_to_device] 
model.to() raised NotImplementedError 
(AffineQuantizedTensor on older 
torch). Moving parameters individually.
..2026-04-21 23:04:10.010 | WARNING  | 
acestep.core.generation.handler.init_se
rvice_setup:_resolve_initialize_device:
33 - [initialize_service] CUDA 
requested but unavailable. Falling 
back to CPU.
.2026-04-21 23:04:10.011 | WARNING  | a
cestep.core.generation.handler.init_ser
vice_setup:_resolve_initialize_device:2
8 - [initialize_service] CUDA 
requested but unavailable. Falling 
back to MPS.
......2026-04-21 23:04:10.013 | 
WARNING  | acestep.core.generation.hand
ler.memory_utils:_vram_guard_reduce_bat
ch:185 - [VRAM guard] Only 1.0 GB free 
- reducing batch_size to 1
.......2026-04-21 23:04:10.017 | INFO  
   | acestep.core.generation.handler.in
it_service_orchestrator:initialize_serv
ice:95 - [initialize_service] 
Pre-Ampere CUDA detected: using 
float16 instead of bfloat16.
.2026-04-21 23:04:10.019 | INFO     | a
cestep.core.generation.handler.init_ser
vice_orchestrator:initialize_service:86
 - [initialize_service] ROCm/HIP 
device detected: using 
dtype=torch.float32 (set 
ACESTEP_ROCM_DTYPE=bfloat16 or float16 
to override)
.....2026-04-21 23:04:10.027 | WARNING 
 | acestep.core.generation.handler.init
_service_orchestrator:_resolve_rocm_dty
pe:37 - [initialize_service] Unknown 
ACESTEP_ROCM_DTYPE='int8'; falling 
back to float32.
..2026-04-21 23:04:10.030 | DEBUG    | 
acestep.core.generation.handler.io_audi
o:process_reference_audio:136 - 
[process_reference_audio] Reference 
audio shape: torch.Size([2, 16])
2026-04-21 23:04:10.030 | DEBUG    | ac
estep.core.generation.handler.io_audio:
process_reference_audio:139 - 
[process_reference_audio] Reference 
audio sample rate: 48000
2026-04-21 23:04:10.030 | DEBUG    | ac
estep.core.generation.handler.io_audio:
process_reference_audio:140 - 
[process_reference_audio] Reference 
audio duration: 0.000333 seconds
.2026-04-21 23:04:10.030 | WARNING  | a
cestep.core.generation.handler.io_audio
:process_reference_audio:173 - 
[process_reference_audio] Invalid or 
unsupported reference audio: bad
.2026-04-21 23:04:10.038 | DEBUG    | a
cestep.core.generation.handler.io_audio
:process_reference_audio:136 - 
[process_reference_audio] Reference 
audio shape: torch.Size([2, 1800000])
2026-04-21 23:04:10.038 | DEBUG    | ac
estep.core.generation.handler.io_audio:
process_reference_audio:139 - 
[process_reference_audio] Reference 
audio sample rate: 48000
2026-04-21 23:04:10.038 | DEBUG    | ac
estep.core.generation.handler.io_audio:
process_reference_audio:140 - 
[process_reference_audio] Reference 
audio duration: 37.500000 seconds
.2026-04-21 23:04:10.060 | ERROR    | a
cestep.core.generation.handler.io_audio
:process_src_audio:195 - 
[process_src_audio] Error processing 
source audio
Traceback (most recent call last):

  File "<frozen runpy>", line 198, in 
_run_module_as_main
  File "<frozen runpy>", line 88, in 
_run_code
  File "C:\Users\Abdul\AppData\Roaming\
uv\python\cpython-3.12-windows-x86_64-n
one\Lib\unittest\__main__.py", line 
18, in <module>
    main(module=None)
    -> <class 
'unittest.main.TestProgram'>
  File "C:\Users\Abdul\AppData\Roaming\
uv\python\cpython-3.12-windows-x86_64-n
one\Lib\unittest\main.py", line 105, 
in __init__
    self.runTests()
    |    -> <function 
TestProgram.runTests at 
0x0000026B3CBD5E40>
    -> <unittest.main.TestProgram 
object at 0x0000026B3C3D7E30>
  File "C:\Users\Abdul\AppData\Roaming\
uv\python\cpython-3.12-windows-x86_64-n
one\Lib\unittest\main.py", line 281, 
in runTests
    self.result = 
testRunner.run(self.test)
    |             |          |   |    
-> <unittest.suite.TestSuite 
tests=[None, None, None, None, None, 
None, None, None, None, None, None, 
None, None, None, None, No...
    |             |          |   -> 
<unittest.main.TestProgram object at 
0x0000026B3C3D7E30>
    |             |          -> 
<function TextTestRunner.run at 
0x0000026B3CBD56C0>
    |             -> 
<unittest.runner.TextTestRunner object 
at 0x0000026B1A233230>
    -> <unittest.main.TestProgram 
object at 0x0000026B3C3D7E30>
  File "C:\Users\Abdul\AppData\Roaming\
uv\python\cpython-3.12-windows-x86_64-n
one\Lib\unittest\runner.py", line 240, 
in run
    test(result)
    |    -> 
<unittest.runner.TextTestResult 
run=374 errors=18 failures=0>
    -> <unittest.suite.TestSuite 
tests=[None, None, None, None, None, 
None, None, None, None, None, None, 
None, None, None, None, No...
  File "C:\Users\Abdul\AppData\Roaming\
uv\python\cpython-3.12-windows-x86_64-n
one\Lib\unittest\suite.py", line 84, 
in __call__
    return self.run(*args, **kwds)
           |    |    |       -> {}
           |    |    -> 
(<unittest.runner.TextTestResult 
run=374 errors=18 failures=0>,)
           |    -> <function 
TestSuite.run at 0x0000026B3CB7D1C0>
           -> 
<unittest.suite.TestSuite tests=[None, 
None, None, None, None, None, None, 
None, None, None, None, None, None, 
None, None, No...
  File "C:\Users\Abdul\AppData\Roaming\
uv\python\cpython-3.12-windows-x86_64-n
one\Lib\unittest\suite.py", line 122, 
in run
    test(result)
    |    -> 
<unittest.runner.TextTestResult 
run=374 errors=18 failures=0>
    -> <unittest.suite.TestSuite 
tests=[<unittest.suite.TestSuite 
tests=[None, None, None, None, 
<acestep.core.generation.handler.io...
  File "C:\Users\Abdul\AppData\Roaming\
uv\python\cpython-3.12-windows-x86_64-n
one\Lib\unittest\suite.py", line 84, 
in __call__
    return self.run(*args, **kwds)
           |    |    |       -> {}
           |    |    -> 
(<unittest.runner.TextTestResult 
run=374 errors=18 failures=0>,)
           |    -> <function 
TestSuite.run at 0x0000026B3CB7D1C0>
           -> 
<unittest.suite.TestSuite 
tests=[<unittest.suite.TestSuite 
tests=[None, None, None, None, 
<acestep.core.generation.handler.io...
  File "C:\Users\Abdul\AppData\Roaming\
uv\python\cpython-3.12-windows-x86_64-n
one\Lib\unittest\suite.py", line 122, 
in run
    test(result)
    |    -> 
<unittest.runner.TextTestResult 
run=374 errors=18 failures=0>
    -> <unittest.suite.TestSuite 
tests=[None, None, None, None, <acestep
.core.generation.handler.io_audio_test.
IoAudioMixinTests tes...
  File "C:\Users\Abdul\AppData\Roaming\
uv\python\cpython-3.12-windows-x86_64-n
one\Lib\unittest\suite.py", line 84, 
in __call__
    return self.run(*args, **kwds)
           |    |    |       -> {}
           |    |    -> 
(<unittest.runner.TextTestResult 
run=374 errors=18 failures=0>,)
           |    -> <function 
TestSuite.run at 0x0000026B3CB7D1C0>
           -> 
<unittest.suite.TestSuite tests=[None, 
None, None, None, <acestep.core.generat
ion.handler.io_audio_test.IoAudioMixinT
ests tes...
  File "C:\Users\Abdul\AppData\Roaming\
uv\python\cpython-3.12-windows-x86_64-n
one\Lib\unittest\suite.py", line 122, 
in run
    test(result)
    |    -> 
<unittest.runner.TextTestResult 
run=374 errors=18 failures=0>
    -> <acestep.core.generation.handler
.io_audio_test.IoAudioMixinTests testMe
thod=test_process_src_audio_handles_loa
d_error>
  File "C:\Users\Abdul\AppData\Roaming\
uv\python\cpython-3.12-windows-x86_64-n
one\Lib\unittest\case.py", line 690, 
in __call__
    return self.run(*args, **kwds)
           |    |    |       -> {}
           |    |    -> 
(<unittest.runner.TextTestResult 
run=374 errors=18 failures=0>,)
           |    -> <function 
TestCase.run at 0x0000026B3CB7A340>
           -> <acestep.core.generation.
handler.io_audio_test.IoAudioMixinTests
 testMethod=test_process_src_audio_hand
les_load_error>
  File "C:\Users\Abdul\AppData\Roaming\
uv\python\cpython-3.12-windows-x86_64-n
one\Lib\unittest\case.py", line 634, 
in run
    self._callTestMethod(testMethod)
    |    |               -> <bound 
method IoAudioMixinTests.test_process_s
rc_audio_handles_load_error of <acestep
.core.generation.handler.io_audio_test.
I...
    |    -> <function 
TestCase._callTestMethod at 
0x0000026B3CB7A160>
    -> <acestep.core.generation.handler
.io_audio_test.IoAudioMixinTests testMe
thod=test_process_src_audio_handles_loa
d_error>
  File "C:\Users\Abdul\AppData\Roaming\
uv\python\cpython-3.12-windows-x86_64-n
one\Lib\unittest\case.py", line 589, 
in _callTestMethod
    if method() is not None:
       -> <bound method IoAudioMixinTes
ts.test_process_src_audio_handles_load_
error of <acestep.core.generation.handl
er.io_audio_test.I...

  File "C:\Users\Abdul\OneDrive\Documen
ts\GitHub\ACE-Step-1.5\acestep\core\gen
eration\handler\io_audio_test.py", 
line 93, in test_process_src_audio_hand
les_load_error
    result = 
host.process_src_audio("bad.aac")
             |    -> <function 
IoAudioMixin.process_src_audio at 
0x0000026B6BA4A480>
             -> <acestep.core.generatio
n.handler.io_audio_test._Host object 
at 0x0000026B1A4F0920>

> File "C:\Users\Abdul\OneDrive\Documen
ts\GitHub\ACE-Step-1.5\acestep\core\gen
eration\handler\io_audio.py", line 
191, in process_src_audio
    audio_np, sr = 
_read_audio_file(audio_file)
                   |                -> 
'bad.aac'
                   -> <MagicMock 
name='_read_audio_file' 
id='2659038017728'>

  File "C:\Users\Abdul\AppData\Roaming\
uv\python\cpython-3.12-windows-x86_64-n
one\Lib\unittest\mock.py", line 1139, 
in __call__
    return self._mock_call(*args, 
**kwargs)
           |    |           |       -> 
{}
           |    |           -> 
('bad.aac',)
           |    -> <function 
CallableMixin._mock_call at 
0x0000026B3EB896C0>
           -> <MagicMock 
name='_read_audio_file' 
id='2659038017728'>
  File "C:\Users\Abdul\AppData\Roaming\
uv\python\cpython-3.12-windows-x86_64-n
one\Lib\unittest\mock.py", line 1143, 
in _mock_call
    return 
self._execute_mock_call(*args, 
**kwargs)
           |    |                   |  
     -> {}
           |    |                   -> 
('bad.aac',)
           |    -> <function 
CallableMixin._execute_mock_call at 
0x0000026B3EB89800>
           -> <MagicMock 
name='_read_audio_file' 
id='2659038017728'>
  File "C:\Users\Abdul\AppData\Roaming\
uv\python\cpython-3.12-windows-x86_64-n
one\Lib\unittest\mock.py", line 1198, 
in _execute_mock_call
    raise effect
          -> RuntimeError('bad')

RuntimeError: bad
...s2026-04-21 23:04:10.073 | DEBUG    
| acestep.core.generation.handler.io_au
dio:_read_audio_file:37 - 
[_read_audio_file] soundfile cannot 
read 'test.aac': Format not 
recognised. Trying torchaudio fallback.
.2026-04-21 23:04:10.075 | DEBUG    | a
cestep.core.generation.handler.io_audio
:_read_audio_file:37 - 
[_read_audio_file] soundfile cannot 
read 'bad.xyz': sf fail. Trying 
torchaudio fallback.
.EC:\Users\Abdul\AppData\Roaming\uv\pyt
hon\cpython-3.12-windows-x86_64-none\Li
b\unittest\mock.py:769: 
ResourceWarning: unclosed file 
<_io.FileIO name='C:\\Users\\Abdul\\App
Data\\Local\\Temp\\tmpwf9u3ehw.wav' 
mode='rb+' closefd=True>
  def __setattr__(self, name, value):
2026-04-21 23:04:10.085 | INFO     | ac
estep.core.generation.handler.lora.cont
rols:_toggle_lokr:31 - LoKr multiplier 
set to 0.6
.2026-04-21 23:04:10.085 | INFO     | a
cestep.core.generation.handler.lora.con
trols:set_lora_scale:118 - LoKr scale 
for 'default' set to 0.30 (will apply 
when enabled)
.2026-04-21 23:04:10.085 | INFO     | a
cestep.core.generation.handler.lora.con
trols:_toggle_lokr:31 - LoKr 
multiplier set to 0.0
.2026-04-21 23:04:10.086 | INFO     | a
cestep.core.generation.handler.lora.con
trols:_toggle_lokr:31 - LoKr 
multiplier set to 0.8
.2026-04-21 23:04:10.086 | INFO     | a
cestep.core.generation.handler.lora.con
trols:_toggle_lokr:31 - LoKr 
multiplier set to 0.5
.2026-04-21 23:04:10.086 | INFO     | a
cestep.core.generation.handler.lora.con
trols:set_use_lora:74 - LoRA adapter 
disabled
.2026-04-21 23:04:10.087 | INFO     | a
cestep.core.generation.handler.lora.con
trols:set_use_lora:68 - LoRA adapter 
enabled
..2026-04-21 23:04:10.087 | INFO     | 
acestep.core.generation.handler.lora.co
ntrols:_toggle_lokr:31 - LoKr 
multiplier set to 0.0
.2026-04-21 23:04:10.087 | INFO     | a
cestep.core.generation.handler.lora.con
trols:_toggle_lokr:31 - LoKr 
multiplier set to 0.75
......2026-04-21 23:04:10.100 | INFO   
  | acestep.core.generation.handler.lor
a.lifecycle:add_lora:260 - Base 
decoder state_dict backed up to CPU 
(0.0MB)
2026-04-21 23:04:10.101 | INFO     | ac
estep.core.generation.handler.lora.life
cycle:add_lora:263 - Loading LoKr 
adapter from C:\Users\Abdul\AppData\Loc
al\Temp\tmp2nb306d7\adapter\lokr_weight
s.safetensors as 'adapter'
2026-04-21 23:04:10.101 | INFO     | ac
estep.core.generation.handler.lora.life
cycle:add_lora:304 - LoRA adapter 
'adapter' loaded from C:\Users\Abdul\Ap
pData\Local\Temp\tmp2nb306d7\adapter 
(adapters=[], targets=0)
.....2026-04-21 23:04:10.113 | INFO    
 | acestep.core.generation.handler.lora
.lifecycle:unload_lora:456 - Restoring 
decoder structure from LyCORIS adapter
2026-04-21 23:04:10.113 | ERROR    | ac
estep.core.generation.handler.lora.life
cycle:unload_lora:509 - Failed to 
unload LoRA
Traceback (most recent call last):

  File "<frozen runpy>", line 198, in 
_run_module_as_main
  File "<frozen runpy>", line 88, in 
_run_code
  File "C:\Users\Abdul\AppData\Roaming\
uv\python\cpython-3.12-windows-x86_64-n
one\Lib\unittest\__main__.py", line 
18, in <module>
    main(module=None)
    -> <class 
'unittest.main.TestProgram'>
  File "C:\Users\Abdul\AppData\Roaming\
uv\python\cpython-3.12-windows-x86_64-n
one\Lib\unittest\main.py", line 105, 
in __init__
    self.runTests()
    |    -> <function 
TestProgram.runTests at 
0x0000026B3CBD5E40>
    -> <unittest.main.TestProgram 
object at 0x0000026B3C3D7E30>
  File "C:\Users\Abdul\AppData\Roaming\
uv\python\cpython-3.12-windows-x86_64-n
one\Lib\unittest\main.py", line 281, 
in runTests
    self.result = 
testRunner.run(self.test)
    |             |          |   |    
-> <unittest.suite.TestSuite 
tests=[None, None, None, None, None, 
None, None, None, None, None, None, 
None, None, None, None, No...
    |             |          |   -> 
<unittest.main.TestProgram object at 
0x0000026B3C3D7E30>
    |             |          -> 
<function TextTestRunner.run at 
0x0000026B3CBD56C0>
    |             -> 
<unittest.runner.TextTestRunner object 
at 0x0000026B1A233230>
    -> <unittest.main.TestProgram 
object at 0x0000026B3C3D7E30>
  File "C:\Users\Abdul\AppData\Roaming\
uv\python\cpython-3.12-windows-x86_64-n
one\Lib\unittest\runner.py", line 240, 
in run
    test(result)
    |    -> 
<unittest.runner.TextTestResult 
run=401 errors=19 failures=0>
    -> <unittest.suite.TestSuite 
tests=[None, None, None, None, None, 
None, None, None, None, None, None, 
None, None, None, None, No...
  File "C:\Users\Abdul\AppData\Roaming\
uv\python\cpython-3.12-windows-x86_64-n
one\Lib\unittest\suite.py", line 84, 
in __call__
    return self.run(*args, **kwds)
           |    |    |       -> {}
           |    |    -> 
(<unittest.runner.TextTestResult 
run=401 errors=19 failures=0>,)
           |    -> <function 
TestSuite.run at 0x0000026B3CB7D1C0>
           -> 
<unittest.suite.TestSuite tests=[None, 
None, None, None, None, None, None, 
None, None, None, None, None, None, 
None, None, No...
  File "C:\Users\Abdul\AppData\Roaming\
uv\python\cpython-3.12-windows-x86_64-n
one\Lib\unittest\suite.py", line 122, 
in run
    test(result)
    |    -> 
<unittest.runner.TextTestResult 
run=401 errors=19 failures=0>
    -> <unittest.suite.TestSuite 
tests=[<unittest.suite.TestSuite 
tests=[None, None, None, None, None, 
None, None, None, <acestep.co...
  File "C:\Users\Abdul\AppData\Roaming\
uv\python\cpython-3.12-windows-x86_64-n
one\Lib\unittest\suite.py", line 84, 
in __call__
    return self.run(*args, **kwds)
           |    |    |       -> {}
           |    |    -> 
(<unittest.runner.TextTestResult 
run=401 errors=19 failures=0>,)
           |    -> <function 
TestSuite.run at 0x0000026B3CB7D1C0>
           -> 
<unittest.suite.TestSuite 
tests=[<unittest.suite.TestSuite 
tests=[None, None, None, None, None, 
None, None, None, <acestep.co...
  File "C:\Users\Abdul\AppData\Roaming\
uv\python\cpython-3.12-windows-x86_64-n
one\Lib\unittest\suite.py", line 122, 
in run
    test(result)
    |    -> 
<unittest.runner.TextTestResult 
run=401 errors=19 failures=0>
    -> <unittest.suite.TestSuite 
tests=[None, None, None, None, None, 
None, None, None, <acestep.core.generat
ion.handler.lora.lifecy...
  File "C:\Users\Abdul\AppData\Roaming\
uv\python\cpython-3.12-windows-x86_64-n
one\Lib\unittest\suite.py", line 84, 
in __call__
    return self.run(*args, **kwds)
           |    |    |       -> {}
           |    |    -> 
(<unittest.runner.TextTestResult 
run=401 errors=19 failures=0>,)
           |    -> <function 
TestSuite.run at 0x0000026B3CB7D1C0>
           -> 
<unittest.suite.TestSuite tests=[None, 
None, None, None, None, None, None, 
None, <acestep.core.generation.handler.
lora.lifecy...
  File "C:\Users\Abdul\AppData\Roaming\
uv\python\cpython-3.12-windows-x86_64-n
one\Lib\unittest\suite.py", line 122, 
in run
    test(result)
    |    -> 
<unittest.runner.TextTestResult 
run=401 errors=19 failures=0>
    -> <acestep.core.generation.handler
.lora.lifecycle_test.LifecycleTests tes
tMethod=test_unload_lora_fails_when_lok
r_restore_raises>
  File "C:\Users\Abdul\AppData\Roaming\
uv\python\cpython-3.12-windows-x86_64-n
one\Lib\unittest\case.py", line 690, 
in __call__
    return self.run(*args, **kwds)
           |    |    |       -> {}
           |    |    -> 
(<unittest.runner.TextTestResult 
run=401 errors=19 failures=0>,)
           |    -> <function 
TestCase.run at 0x0000026B3CB7A340>
           -> <acestep.core.generation.
handler.lora.lifecycle_test.LifecycleTe
sts testMethod=test_unload_lora_fails_w
hen_lokr_restore_raises>
  File "C:\Users\Abdul\AppData\Roaming\
uv\python\cpython-3.12-windows-x86_64-n
one\Lib\unittest\case.py", line 634, 
in run
    self._callTestMethod(testMethod)
    |    |               -> <bound 
method LifecycleTests.test_unload_lora_
fails_when_lokr_restore_raises of <aces
tep.core.generation.handler.lora.lifecy
c...
    |    -> <function 
TestCase._callTestMethod at 
0x0000026B3CB7A160>
    -> <acestep.core.generation.handler
.lora.lifecycle_test.LifecycleTests tes
tMethod=test_unload_lora_fails_when_lok
r_restore_raises>
  File "C:\Users\Abdul\AppData\Roaming\
uv\python\cpython-3.12-windows-x86_64-n
one\Lib\unittest\case.py", line 589, 
in _callTestMethod
    if method() is not None:
       -> <bound method LifecycleTests.
test_unload_lora_fails_when_lokr_restor
e_raises of <acestep.core.generation.ha
ndler.lora.lifecyc...

  File "C:\Users\Abdul\OneDrive\Documen
ts\GitHub\ACE-Step-1.5\acestep\core\gen
eration\handler\lora\lifecycle_test.py"
, line 257, in test_unload_lora_fails_w
hen_lokr_restore_raises
    message = 
lifecycle.unload_lora(handler)
              |         |           -> 
<acestep.core.generation.handler.lora.l
ifecycle_test._DummyHandler object at 
0x0000026B1A09CC80>
              |         -> <function 
unload_lora at 0x0000026B1628BB00>
              -> <module 'acestep.core.
generation.handler.lora.lifecycle' 
from 'C:\\Users\\Abdul\\OneDrive\\Docum
ents\\GitHub\\ACE-Step-1.5\\a...

> File "C:\Users\Abdul\OneDrive\Documen
ts\GitHub\ACE-Step-1.5\acestep\core\gen
eration\handler\lora\lifecycle.py", 
line 457, in unload_lora
    restore_fn()
    -> <Mock id='2659021606304'>

  File "C:\Users\Abdul\AppData\Roaming\
uv\python\cpython-3.12-windows-x86_64-n
one\Lib\unittest\mock.py", line 1139, 
in __call__
    return self._mock_call(*args, 
**kwargs)
           |    |           |       -> 
{}
           |    |           -> ()
           |    -> <function 
CallableMixin._mock_call at 
0x0000026B3EB896C0>
           -> <Mock id='2659021606304'>
  File "C:\Users\Abdul\AppData\Roaming\
uv\python\cpython-3.12-windows-x86_64-n
one\Lib\unittest\mock.py", line 1143, 
in _mock_call
    return 
self._execute_mock_call(*args, 
**kwargs)
           |    |                   |  
     -> {}
           |    |                   -> 
()
           |    -> <function 
CallableMixin._execute_mock_call at 
0x0000026B3EB89800>
           -> <Mock id='2659021606304'>
  File "C:\Users\Abdul\AppData\Roaming\
uv\python\cpython-3.12-windows-x86_64-n
one\Lib\unittest\mock.py", line 1198, 
in _execute_mock_call
    raise effect
          -> RuntimeError('restore 
failed')

RuntimeError: restore failed
.2026-04-21 23:04:10.122 | INFO     | a
cestep.core.generation.handler.lora.lif
ecycle:unload_lora:456 - Restoring 
decoder structure from LyCORIS adapter
2026-04-21 23:04:10.122 | INFO     | ac
estep.core.generation.handler.lora.life
cycle:unload_lora:476 - Restoring base 
decoder from state_dict backup
2026-04-21 23:04:10.122 | INFO     | ac
estep.core.generation.handler.lora.life
cycle:unload_lora:506 - LoRA unloaded, 
base decoder restored
.....2026-04-21 23:04:10.137 | WARNING 
 | acestep.core.generation.handler.lora
.registry_builder:rebuild_lora_registry
:20 - No adapter names discovered from 
decoder; LoRA registry will be empty.
...2026-04-21 23:04:10.137 | WARNING  
| acestep.core.generation.handler.lora.
controls:set_lora_scale:186 - No 
registered LoRA scaling targets found 
for adapter 'main'
.2026-04-21 23:04:10.138 | WARNING  | a
cestep.core.lora.scaling:apply_scale_to
_adapter:64 - Skipping 
set_scale_factor target without anchor 
(adapter=main, module=lora_block)
2026-04-21 23:04:10.138 | WARNING  | ac
estep.core.generation.handler.lora.cont
rols:set_lora_scale:180 - No LoRA 
targets were modified for adapter 
'main' (skipped={'set_scale_factor_unan
chored': 1})
.2026-04-21 23:04:10.138 | WARNING  | a
cestep.core.generation.handler.lora.con
trols:set_use_lora:44 - LoRA is marked 
as loaded, but model/decoder is 
unavailable during toggle.
.......2026-04-21 23:04:10.144 | 
WARNING  | acestep.core.generation.hand
ler.lyric_alignment_common:_sync_alignm
ent_config:31 - [lyric_alignment] 
Ignoring invalid 
lyric_alignment_layers_config type: 
list
.2026-04-21 23:04:10.144 | WARNING  | a
cestep.core.generation.handler.lyric_al
ignment_common:_sync_alignment_config:4
1 - [lyric_alignment] Ignoring 
malformed 
lyric_alignment_layers_config: invalid 
literal for int() with base 10: 'a'
.2026-04-21 23:04:10.144 | WARNING  | a
cestep.core.generation.handler.lyric_al
ignment_common:_sync_alignment_config:4
1 - [lyric_alignment] Ignoring 
malformed 
lyric_alignment_layers_config: invalid 
literal for int() with base 10: 
'layer_a'
..2026-04-21 23:04:10.144 | WARNING  | 
acestep.core.generation.handler.lyric_a
lignment_common:_sync_alignment_config:
31 - [lyric_alignment] Ignoring 
invalid lyric_alignment_layers_config 
type: dict
....2026-04-21 23:04:10.145 | INFO     
| acestep.core.generation.handler.mlx_d
it_init:_init_mlx_dit:33 - [MLX-DiT] 
Native MLX DiT decoder initialized 
successfully (mx.compile=True).
.2026-04-21 23:04:10.147 | INFO     | a
cestep.core.generation.handler.mlx_dit_
init:_init_mlx_dit:22 - [MLX-DiT] MLX 
not available on this platform; 
skipping.
.2026-04-21 23:04:10.148 | WARNING  | a
cestep.core.generation.handler.mlx_vae_
init:_init_mlx_vae:78 - [MLX-VAE] 
mx.compile() failed (compile failed); 
using uncompiled path.
2026-04-21 23:04:10.148 | INFO     | ac
estep.core.generation.handler.mlx_vae_i
nit:_init_mlx_vae:85 - [MLX-VAE] 
Native MLX VAE initialized 
(dtype=float32, compiled=False).
.2026-04-21 23:04:10.149 | INFO     | a
cestep.core.generation.handler.mlx_vae_
init:_init_mlx_vae:75 - [MLX-VAE] 
Decode/encode compiled with 
mx.compile().
2026-04-21 23:04:10.149 | INFO     | ac
estep.core.generation.handler.mlx_vae_i
nit:_init_mlx_vae:85 - [MLX-VAE] 
Native MLX VAE initialized 
(dtype=float32, compiled=True).
.2026-04-21 23:04:10.151 | INFO     | a
cestep.core.generation.handler.mlx_vae_
init:_init_mlx_vae:37 - [MLX-VAE] MLX 
not available on this platform; 
skipping.
..........2026-04-21 23:04:10.173 | 
INFO     | acestep.core.generation.hand
ler.mlx_vae_decode_native:_mlx_vae_deco
de:66 - [MLX-VAE] Decoded 2 sample(s), 
32 latent frames -> audio in 0.00s 
(convert=0.000s, decode=0.00s, 
dtype=<class 'numpy.float32'>)
.2026-04-21 23:04:10.175 | INFO     | a
cestep.core.generation.handler.mlx_vae_
encode_native:_mlx_vae_encode_sample:80
 - [MLX-VAE] Encoded 2 sample(s), 1200 
audio frames -> latent in 0.00s 
(dtype=<class 'numpy.float32'>)
.....E...................2026-04-21 
23:04:10.209 | DEBUG    | acestep.core.
generation.handler.repaint_waveform_spl
ice:apply_repaint_waveform_splice:80 - 
[repaint_waveform_splice] Length 
mismatch: pred_wavs=5000, 
src_wavs=4800; truncating to 4800
.2026-04-21 23:04:10.209 | DEBUG    | a
cestep.core.generation.handler.repaint_
waveform_splice:apply_repaint_waveform_
splice:80 - [repaint_waveform_splice] 
Length mismatch: pred_wavs=4800, 
src_wavs=5000; truncating to 4800
......................2026-04-21 
23:04:10.215 | WARNING  | acestep.core.
generation.handler.service_generate_req
uest:_normalize_service_generate_inputs
:67 - [service_generate] Batch size 10 
exceeds maximum supported batch size 
(8). Clamping to 8.
.2026-04-21 23:04:10.215 | WARNING  | a
cestep.core.generation.handler.service_
generate_request:_normalize_service_gen
erate_inputs:67 - [service_generate] 
Batch size 12 exceeds maximum 
supported batch size (8). Clamping to 
8.
.2026-04-21 23:04:10.216 | WARNING  | a
cestep.core.generation.handler.service_
generate_request:_normalize_service_gen
erate_inputs:67 - [service_generate] 
Batch size 10 exceeds maximum 
supported batch size (8). Clamping to 
8.
.2026-04-21 23:04:10.216 | WARNING  | a
cestep.core.generation.handler.service_
generate_request:_normalize_service_gen
erate_inputs:67 - [service_generate] 
Batch size 10 exceeds maximum 
supported batch size (8). Clamping to 
8.
...2026-04-21 23:04:10.216 | WARNING  
| acestep.core.generation.handler.servi
ce_generate_request:_normalize_service_
generate_inputs:53 - 
[service_generate] dmd_gan version: 
infer_steps 20 exceeds maximum 8, 
clamping to 8
.................2026-04-21 
23:04:10.218 | INFO     | acestep.core.
generation.handler.vae_decode_chunks:_t
iled_decode_inner:19 - [tiled_decode] 
Batch size 2 > 1; decoding samples 
sequentially to save VRAM
..2026-04-21 23:04:10.218 | WARNING  | 
acestep.core.generation.handler.vae_dec
ode_chunks:_tiled_decode_inner:75 - 
[tiled_decode] OOM during GPU decode 
with chunk_size=8, falling back to CPU 
offload path
2026-04-21 23:04:10.218 | WARNING  | ac
estep.core.generation.handler.vae_decod
e_chunks:_tiled_decode_inner:83 - 
[tiled_decode] OOM even with offload 
path, falling back to full CPU VAE 
decode
.2026-04-21 23:04:10.220 | WARNING  | a
cestep.core.generation.handler.vae_deco
de_chunks:_tiled_decode_inner:75 - 
[tiled_decode] OOM during GPU decode 
with chunk_size=8, falling back to CPU 
offload path
.E2026-04-21 23:04:10.220 | WARNING  | 
acestep.core.generation.handler.vae_dec
ode:tiled_decode:45 - [tiled_decode] 
MLX VAE decode failed (ValueError: mlx 
failed), falling back to PyTorch VAE...
2026-04-21 23:04:10.220 | INFO     | ac
estep.core.generation.handler.vae_decod
e:tiled_decode:56 - [tiled_decode] 
chunk_size=32, 
offload_wav_to_cpu=False, 
latents_shape=torch.Size([1, 4, 32])
.2026-04-21 23:04:10.220 | INFO     | a
cestep.core.generation.handler.vae_deco
de:tiled_decode:56 - [tiled_decode] 
chunk_size=32, 
offload_wav_to_cpu=False, 
latents_shape=torch.Size([1, 4, 32])
2026-04-21 23:04:10.220 | WARNING  | ac
estep.core.generation.handler.vae_decod
e:tiled_decode:81 - [tiled_decode] MPS 
decode failed (RuntimeError: mps 
decode failure), falling back to CPU 
VAE decode...
.2026-04-21 23:04:10.221 | INFO     | a
cestep.core.generation.handler.vae_deco
de:tiled_decode:56 - [tiled_decode] 
chunk_size=32, 
offload_wav_to_cpu=False, 
latents_shape=torch.Size([1, 4, 32])
.2026-04-21 23:04:10.221 | INFO     | a
cestep.core.generation.handler.vae_deco
de:tiled_decode:56 - [tiled_decode] 
chunk_size=64, 
offload_wav_to_cpu=False, 
latents_shape=torch.Size([1, 4, 128])
2026-04-21 23:04:10.221 | INFO     | ac
estep.core.generation.handler.vae_decod
e:tiled_decode:68 - [tiled_decode] VAE 
decode via PyTorch MPS; reducing 
chunk_size from 64 to 32 and overlap 
from 16 to 8 to avoid MPS conv output 
limit.
.......................................
.......2026-04-21 23:04:12.218 | INFO  
   | acestep.gpu_config:_apply_lm_backe
nd_compatibility_overrides:276 - 
Legacy CUDA GPU detected (pre-Volta 
compute capability): forcing 5Hz LM 
backend recommendation to PyTorch.
.............2026-04-21 23:04:12.534 | 
INFO     | 
acestep.llm_inference:initialize:587 - 
loading 5Hz LM tokenizer... it may 
take 80~90s
2026-04-21 23:04:12.534 | INFO     | 
acestep.llm_inference:initialize:591 - 
5Hz LM tokenizer loaded successfully 
in 0.00 seconds
2026-04-21 23:04:12.534 | INFO     | 
acestep.llm_inference:initialize:596 - 
Initializing constrained decoding 
processor...
2026-04-21 23:04:12.534 | INFO     | 
acestep.llm_inference:initialize:602 - 
Setting constrained decoding 
max_duration to 600s based on GPU 
config (tier: tier6)
2026-04-21 23:04:12.534 | INFO     | 
acestep.llm_inference:initialize:610 - 
Constrained processor initialized in 
0.00 seconds
2026-04-21 23:04:12.535 | INFO     | 
acestep.llm_inference:initialize:637 - 
flash_attn not installed: disabling 
CUDA graph capture for nano-vllm (SDPA 
fallback uses .item() calls in 
paged-cache decode that are 
incompatible with CUDA graph capture)
2026-04-21 23:04:12.536 | INFO     | 
acestep.llm_inference:initialize:649 - 
Triton not available: disabling CUDA 
graph capture for nano-vllm (CUDA 
graphs require torch.compile which 
depends on Triton)
2026-04-21 23:04:12.536 | INFO     | 
acestep.llm_inference:initialize:727 - 
5Hz LM status message: \u274c vLLM 
backend requires a working Triton 
installation. Falling back to PyTorch 
is recommended on Windows. Use 
--backend pt to avoid this warning.
2026-04-21 23:04:12.536 | WARNING  | 
acestep.llm_inference:initialize:729 - 
vLLM initialization failed before 
PyTorch fallback: \u274c vLLM backend 
requires a working Triton 
installation. Falling back to PyTorch 
is recommended on Windows. Use 
--backend pt to avoid this warning.
2026-04-21 23:04:12.536 | WARNING  | 
acestep.llm_inference:initialize:738 - 
Falling back to PyTorch backend
.2026-04-21 23:04:12.816 | INFO     | 
acestep.llm_inference:initialize:587 - 
loading 5Hz LM tokenizer... it may 
take 80~90s
2026-04-21 23:04:12.816 | INFO     | 
acestep.llm_inference:initialize:591 - 
5Hz LM tokenizer loaded successfully 
in 0.00 seconds
2026-04-21 23:04:12.816 | INFO     | 
acestep.llm_inference:initialize:596 - 
Initializing constrained decoding 
processor...
2026-04-21 23:04:12.816 | INFO     | 
acestep.llm_inference:initialize:602 - 
Setting constrained decoding 
max_duration to 600s based on GPU 
config (tier: tier6)
2026-04-21 23:04:12.816 | INFO     | 
acestep.llm_inference:initialize:610 - 
Constrained processor initialized in 
0.00 seconds
2026-04-21 23:04:12.817 | INFO     | 
acestep.llm_inference:initialize:637 - 
flash_attn not installed: disabling 
CUDA graph capture for nano-vllm (SDPA 
fallback uses .item() calls in 
paged-cache decode that are 
incompatible with CUDA graph capture)
2026-04-21 23:04:12.818 | INFO     | 
acestep.llm_inference:initialize:649 - 
Triton not available: disabling CUDA 
graph capture for nano-vllm (CUDA 
graphs require torch.compile which 
depends on Triton)
2026-04-21 23:04:12.818 | WARNING  | 
acestep.llm_inference:initialize:693 - 
[initialize] vLLM backend is 
unavailable on Windows because Triton 
is not installed or is incompatible. 
Falling back to the PyTorch backend. 
Use --backend pt to suppress this 
warning.
............FE..2026-04-21 
23:04:12.936 | WARNING  | acestep.llm_i
nference:_cleanup_torch_distributed_sta
te:154 - [LLM vLLM] Destroying stale 
default process group before/after 
vLLM lifecycle
..2026-04-21 23:04:13.264 | INFO     | 
acestep.llm_inference:initialize:587 - 
loading 5Hz LM tokenizer... it may 
take 80~90s
2026-04-21 23:04:13.264 | INFO     | 
acestep.llm_inference:initialize:591 - 
5Hz LM tokenizer loaded successfully 
in 0.00 seconds
2026-04-21 23:04:13.264 | INFO     | 
acestep.llm_inference:initialize:596 - 
Initializing constrained decoding 
processor...
2026-04-21 23:04:13.264 | INFO     | 
acestep.llm_inference:initialize:602 - 
Setting constrained decoding 
max_duration to 60.0s based on GPU 
config (tier: high)
2026-04-21 23:04:13.264 | INFO     | 
acestep.llm_inference:initialize:610 - 
Constrained processor initialized in 
0.00 seconds
2026-04-21 23:04:13.265 | INFO     | 
acestep.llm_inference:initialize:649 - 
Triton not available: disabling CUDA 
graph capture for nano-vllm (CUDA 
graphs require torch.compile which 
depends on Triton)
2026-04-21 23:04:13.266 | WARNING  | 
acestep.llm_inference:initialize:693 - 
[initialize] vLLM backend is 
unavailable on Windows because Triton 
is not installed or is incompatible. 
Falling back to the PyTorch backend. 
Use --backend pt to suppress this 
warning.
.2026-04-21 23:04:13.540 | INFO     | 
acestep.llm_inference:initialize:587 - 
loading 5Hz LM tokenizer... it may 
take 80~90s
2026-04-21 23:04:13.540 | INFO     | 
acestep.llm_inference:initialize:591 - 
5Hz LM tokenizer loaded successfully 
in 0.00 seconds
2026-04-21 23:04:13.540 | INFO     | 
acestep.llm_inference:initialize:596 - 
Initializing constrained decoding 
processor...
2026-04-21 23:04:13.540 | INFO     | 
acestep.llm_inference:initialize:602 - 
Setting constrained decoding 
max_duration to 60.0s based on GPU 
config (tier: high)
2026-04-21 23:04:13.541 | INFO     | 
acestep.llm_inference:initialize:610 - 
Constrained processor initialized in 
0.00 seconds
2026-04-21 23:04:13.541 | INFO     | 
acestep.llm_inference:initialize:627 - 
Jetson GPU detected (jetson orin nx 
16gb): disabling CUDA graph capture 
for nano-vllm
2026-04-21 23:04:13.542 | INFO     | 
acestep.llm_inference:initialize:649 - 
Triton not available: disabling CUDA 
graph capture for nano-vllm (CUDA 
graphs require torch.compile which 
depends on Triton)
2026-04-21 23:04:13.542 | WARNING  | 
acestep.llm_inference:initialize:693 - 
[initialize] vLLM backend is 
unavailable on Windows because Triton 
is not installed or is incompatible. 
Falling back to the PyTorch backend. 
Use --backend pt to suppress this 
warning.
F2026-04-21 23:04:13.834 | INFO     | 
acestep.llm_inference:initialize:587 - 
loading 5Hz LM tokenizer... it may 
take 80~90s
2026-04-21 23:04:13.835 | INFO     | 
acestep.llm_inference:initialize:591 - 
5Hz LM tokenizer loaded successfully 
in 0.00 seconds
2026-04-21 23:04:13.835 | INFO     | 
acestep.llm_inference:initialize:596 - 
Initializing constrained decoding 
processor...
2026-04-21 23:04:13.835 | INFO     | 
acestep.llm_inference:initialize:602 - 
Setting constrained decoding 
max_duration to 60.0s based on GPU 
config (tier: high)
2026-04-21 23:04:13.835 | INFO     | 
acestep.llm_inference:initialize:610 - 
Constrained processor initialized in 
0.00 seconds
2026-04-21 23:04:13.835 | INFO     | 
acestep.llm_inference:initialize:637 - 
flash_attn not installed: disabling 
CUDA graph capture for nano-vllm (SDPA 
fallback uses .item() calls in 
paged-cache decode that are 
incompatible with CUDA graph capture)
2026-04-21 23:04:13.836 | INFO     | 
acestep.llm_inference:initialize:649 - 
Triton not available: disabling CUDA 
graph capture for nano-vllm (CUDA 
graphs require torch.compile which 
depends on Triton)
2026-04-21 23:04:13.837 | WARNING  | 
acestep.llm_inference:initialize:693 - 
[initialize] vLLM backend is 
unavailable on Windows because Triton 
is not installed or is incompatible. 
Falling back to the PyTorch backend. 
Use --backend pt to suppress this 
warning.
F..................EE....EEEEE.EEEE....
.......................................
.....................................20
26-04-21 23:04:13.969 | ERROR    | aces
tep.text_tasks.external_lm_model_cache:
invalidate_cached_external_models:95 - 
Failed removing external LM model 
cache file C:\Users\Abdul\AppData\Local
\Temp\tmpmplqlift\acestep\config\extern
al_lm_model_cache.json: read only
..................2026-04-21 
23:04:14.049 | DEBUG    | acestep.text_
tasks.passphrase_store:_load_passphrase
_from_keyring:165 - Failed to retrieve 
password from keyring: backend blew up
.......2026-04-21 23:04:14.065 | DEBUG 
   | acestep.text_tasks.passphrase_stor
e:_store_passphrase_in_secret_tool:136 
- secret-tool store timed out for 
service=acestep.external_lm 
username=external_lm_store_passphrase
...F.....2026-04-21 23:04:14.096 | 
INFO     | acestep.training.data_module
:__init__:90 - 
PreprocessedTensorDataset: 2 samples 
from C:\Users\Abdul\AppData\Local\Temp\
tmpcrjszf0s
.2026-04-21 23:04:14.102 | DEBUG    | a
cestep.training.data_module:_resolve_ma
nifest_path:120 - Resolved legacy 
manifest path via safe root: 
sub\tensors\sample.pt
2026-04-21 23:04:14.102 | INFO     | ac
estep.training.data_module:__init__:90 
- PreprocessedTensorDataset: 1 samples 
from C:\Users\Abdul\AppData\Local\Temp\
tmp6tdj1u79\sub\tensors
.2026-04-21 23:04:14.109 | INFO     | a
cestep.training.data_module:__init__:90
 - PreprocessedTensorDataset: 2 
samples from C:\Users\Abdul\AppData\Loc
al\Temp\tmp2vxgb408
.2026-04-21 23:04:14.115 | WARNING  | a
cestep.training.data_module:_resolve_ma
nifest_path:127 - Skipping 
unresolvable manifest path: 
../../etc/passwd
2026-04-21 23:04:14.115 | INFO     | ac
estep.training.data_module:__init__:90 
- PreprocessedTensorDataset: 1 samples 
from C:\Users\Abdul\AppData\Local\Temp\
tmpdk3d119o
..................[FAIL] --audio-dir 
or --dataset-json is required for 
preprocessing.
.[FAIL] --tensor-output is required 
for preprocessing.
................s......................
..........................2026-04-21 
23:04:14.313 | WARNING  | acestep.ui.gr
adio.events.generation.service_init:ini
t_service_wrapper:112 - \u26a0\ufe0f 
Requested LM backend is not supported 
for tier tier5 on this hardware, 
falling back to pt
.....2026-04-21 23:04:14.323 | INFO    
 | acestep.ui.gradio.events.generation.
service_init:_select_quantization_value
:40 - Pre-Ampere CUDA detected: using 
w8a8_dynamic quantization for stability
.......................C:\Users\Abdul\O
neDrive\Documents\GitHub\ACE-Step-1.5\.
venv\Lib\site-packages\gradio\helpers.p
y:1163: UserWarning: \u26a0\ufe0f 
'Think' requires 5Hz LM to be 
initialized. Think has been disabled � 
generation will proceed without LM 
thinking.
  warnings.warn(message)
.....EEE..........sF...................
........C:\Users\Abdul\OneDrive\Documen
ts\GitHub\ACE-Step-1.5\.venv\Lib\site-p
ackages\gradio\helpers.py:1163: 
UserWarning: No LRC content to save.
  warnings.warn(message)
LRC file ready for download.
...................................F...
.......................................
.......................................
..............................
=======================================
===============================
ERROR: test_build_request_allows_generi
c_overrides_without_kwarg_collision (ac
estep.api.http.release_task_request_bui
lder_test.ReleaseTaskRequestBuilderTest
s.test_build_request_allows_generic_ove
rrides_without_kwarg_collision)
Builder should allow overrides for any 
field without duplicate-kwarg errors.
---------------------------------------
-------------------------------
Traceback (most recent call last):
  File "C:\Users\Abdul\OneDrive\Documen
ts\GitHub\ACE-Step-1.5\acestep\api\http
\release_task_request_builder_test.py",
 line 102, in test_build_request_allows
_generic_overrides_without_kwarg_collis
ion
    request = 
build_generate_music_request(
              
^^^^^^^^^^^^^^^^^^^^^^^^^^^^^
  File "C:\Users\Abdul\OneDrive\Documen
ts\GitHub\ACE-Step-1.5\acestep\api\http
\release_task_request_builder.py", 
line 59, in 
build_generate_music_request
    seed=parser.get("seed", -1),
         ^^^^^^^^^^^^^^^^^^^^^^
TypeError: _FakeParser.get() takes 2 
positional arguments but 3 were given

=======================================
===============================
ERROR: test_build_request_converts_trac
k_classes_string_to_list (acestep.api.h
ttp.release_task_request_builder_test.R
eleaseTaskRequestBuilderTests.test_buil
d_request_converts_track_classes_string
_to_list)
Builder should normalize single-string 
track class to one-item list.
---------------------------------------
-------------------------------
Traceback (most recent call last):
  File "C:\Users\Abdul\OneDrive\Documen
ts\GitHub\ACE-Step-1.5\acestep\api\http
\release_task_request_builder_test.py",
 line 62, in test_build_request_convert
s_track_classes_string_to_list
    request = 
build_generate_music_request(
              
^^^^^^^^^^^^^^^^^^^^^^^^^^^^^
  File "C:\Users\Abdul\OneDrive\Documen
ts\GitHub\ACE-Step-1.5\acestep\api\http
\release_task_request_builder.py", 
line 59, in 
build_generate_music_request
    seed=parser.get("seed", -1),
         ^^^^^^^^^^^^^^^^^^^^^^
TypeError: _FakeParser.get() takes 2 
positional arguments but 3 were given

=======================================
===============================
ERROR: test_build_request_forwards_audi
o_code_string_and_cover_noise_strength 
(acestep.api.http.release_task_request_
builder_test.ReleaseTaskRequestBuilderT
ests.test_build_request_forwards_audio_
code_string_and_cover_noise_strength)
Builder should include 
audio_code_string and 
cover_noise_strength in payload.
---------------------------------------
-------------------------------
Traceback (most recent call last):
  File "C:\Users\Abdul\OneDrive\Documen
ts\GitHub\ACE-Step-1.5\acestep\api\http
\release_task_request_builder_test.py",
 line 125, in test_build_request_forwar
ds_audio_code_string_and_cover_noise_st
rength
    request = 
build_generate_music_request(
              
^^^^^^^^^^^^^^^^^^^^^^^^^^^^^
  File "C:\Users\Abdul\OneDrive\Documen
ts\GitHub\ACE-Step-1.5\acestep\api\http
\release_task_request_builder.py", 
line 59, in 
build_generate_music_request
    seed=parser.get("seed", -1),
         ^^^^^^^^^^^^^^^^^^^^^^
TypeError: _FakeParser.get() takes 2 
positional arguments but 3 were given

=======================================
===============================
ERROR: test_build_request_prefers_expli
cit_audio_path_overrides (acestep.api.h
ttp.release_task_request_builder_test.R
eleaseTaskRequestBuilderTests.test_buil
d_request_prefers_explicit_audio_path_o
verrides)
Builder should prioritize explicit 
path overrides over parser fields.
---------------------------------------
-------------------------------
Traceback (most recent call last):
  File "C:\Users\Abdul\OneDrive\Documen
ts\GitHub\ACE-Step-1.5\acestep\api\http
\release_task_request_builder_test.py",
 line 84, in test_build_request_prefers
_explicit_audio_path_overrides
    request = 
build_generate_music_request(
              
^^^^^^^^^^^^^^^^^^^^^^^^^^^^^
  File "C:\Users\Abdul\OneDrive\Documen
ts\GitHub\ACE-Step-1.5\acestep\api\http
\release_task_request_builder.py", 
line 59, in 
build_generate_music_request
    seed=parser.get("seed", -1),
         ^^^^^^^^^^^^^^^^^^^^^^
TypeError: _FakeParser.get() takes 2 
positional arguments but 3 were given

=======================================
===============================
ERROR: test_missing_content_type_with_u
rlencoded_body_is_supported (acestep.ap
i.http.release_task_request_parser_test
.ReleaseTaskRequestParserTests.test_mis
sing_content_type_with_urlencoded_body_
is_supported)
Parser should support key/value raw 
bodies when content-type is missing.
---------------------------------------
-------------------------------
Traceback (most recent call last):
  File "C:\Users\Abdul\OneDrive\Documen
ts\GitHub\ACE-Step-1.5\acestep\api\http
\release_task_request_parser_test.py", 
line 136, in test_missing_content_type_
with_urlencoded_body_is_supported
    req, temp_files = asyncio.run(
                      ^^^^^^^^^^^^
  File "C:\Users\Abdul\AppData\Roaming\
uv\python\cpython-3.12-windows-x86_64-n
one\Lib\asyncio\runners.py", line 195, 
in run
    return runner.run(main)
           ^^^^^^^^^^^^^^^^
  File "C:\Users\Abdul\AppData\Roaming\
uv\python\cpython-3.12-windows-x86_64-n
one\Lib\asyncio\runners.py", line 118, 
in run
    return 
self._loop.run_until_complete(task)
           
^^^^^^^^^^^^^^^^^^^^^^^^^^^^^^^^^^^
  File "C:\Users\Abdul\AppData\Roaming\
uv\python\cpython-3.12-windows-x86_64-n
one\Lib\asyncio\base_events.py", line 
691, in run_until_complete
    return future.result()
           ^^^^^^^^^^^^^^^
  File "C:\Users\Abdul\OneDrive\Documen
ts\GitHub\ACE-Step-1.5\acestep\api\http
\release_task_request_parser.py", line 
192, in parse_release_task_request
    req = _build(
          ^^^^^^^
  File "C:\Users\Abdul\OneDrive\Documen
ts\GitHub\ACE-Step-1.5\acestep\api\http
\release_task_request_parser.py", line 
78, in _build
    return 
build_generate_music_request(
           
^^^^^^^^^^^^^^^^^^^^^^^^^^^^^
  File "C:\Users\Abdul\OneDrive\Documen
ts\GitHub\ACE-Step-1.5\acestep\api\http
\release_task_request_builder.py", 
line 59, in 
build_generate_music_request
    seed=parser.get("seed", -1),
         ^^^^^^^^^^^^^^^^^^^^^^
TypeError: _FakeParser.get() takes 2 
positional arguments but 3 were given

=======================================
===============================
ERROR: test_release_task_returns_429_wh
en_queue_is_full (acestep.api.http.rele
ase_task_route_http_test.ReleaseTaskRou
teHttpTests.test_release_task_returns_4
29_when_queue_is_full)
POST /release_task should return HTTP 
429 when queue capacity is exhausted.
---------------------------------------
-------------------------------
Traceback (most recent call last):
  File "C:\Users\Abdul\OneDrive\Documen
ts\GitHub\ACE-Step-1.5\acestep\api\http
\release_task_route_http_test.py", 
line 144, in test_release_task_returns_
429_when_queue_is_full
    first = 
client.post("/release_task", 
json={"ai_token": "test-token", 
"prompt": "first"})
            ^^^^^^^^^^^^^^^^^^^^^^^^^^^
^^^^^^^^^^^^^^^^^^^^^^^^^^^^^^^^^^^^^^^
^^^^^^^^^^^^^^
  File "C:\Users\Abdul\OneDrive\Documen
ts\GitHub\ACE-Step-1.5\.venv\Lib\site-p
ackages\starlette\testclient.py", line 
546, in post
    return super().post(
           ^^^^^^^^^^^^^
  File "C:\Users\Abdul\OneDrive\Documen
ts\GitHub\ACE-Step-1.5\.venv\Lib\site-p
ackages\httpx\_client.py", line 1144, 
in post
    return self.request(
           ^^^^^^^^^^^^^
  File "C:\Users\Abdul\OneDrive\Documen
ts\GitHub\ACE-Step-1.5\.venv\Lib\site-p
ackages\starlette\testclient.py", line 
445, in request
    return super().request(
           ^^^^^^^^^^^^^^^^
  File "C:\Users\Abdul\OneDrive\Documen
ts\GitHub\ACE-Step-1.5\.venv\Lib\site-p
ackages\httpx\_client.py", line 825, 
in request
    return self.send(request, 
auth=auth, 
follow_redirects=follow_redirects)
           ^^^^^^^^^^^^^^^^^^^^^^^^^^^^
^^^^^^^^^^^^^^^^^^^^^^^^^^^^^^^^^^^^
  File "C:\Users\Abdul\OneDrive\Documen
ts\GitHub\ACE-Step-1.5\.venv\Lib\site-p
ackages\httpx\_client.py", line 914, 
in send
    response = 
self._send_handling_auth(
               
^^^^^^^^^^^^^^^^^^^^^^^^^
  File "C:\Users\Abdul\OneDrive\Documen
ts\GitHub\ACE-Step-1.5\.venv\Lib\site-p
ackages\httpx\_client.py", line 942, 
in _send_handling_auth
    response = 
self._send_handling_redirects(
               
^^^^^^^^^^^^^^^^^^^^^^^^^^^^^^
  File "C:\Users\Abdul\OneDrive\Documen
ts\GitHub\ACE-Step-1.5\.venv\Lib\site-p
ackages\httpx\_client.py", line 979, 
in _send_handling_redirects
    response = 
self._send_single_request(request)
               
^^^^^^^^^^^^^^^^^^^^^^^^^^^^^^^^^^
  File "C:\Users\Abdul\OneDrive\Documen
ts\GitHub\ACE-Step-1.5\.venv\Lib\site-p
ackages\httpx\_client.py", line 1014, 
in _send_single_request
    response = 
transport.handle_request(request)
               
^^^^^^^^^^^^^^^^^^^^^^^^^^^^^^^^^
  File "C:\Users\Abdul\OneDrive\Documen
ts\GitHub\ACE-Step-1.5\.venv\Lib\site-p
ackages\starlette\testclient.py", line 
348, in handle_request
    raise exc
  File "C:\Users\Abdul\OneDrive\Documen
ts\GitHub\ACE-Step-1.5\.venv\Lib\site-p
ackages\starlette\testclient.py", line 
345, in handle_request
    portal.call(self.app, scope, 
receive, send)
  File "C:\Users\Abdul\OneDrive\Documen
ts\GitHub\ACE-Step-1.5\.venv\Lib\site-p
ackages\anyio\from_thread.py", line 
334, in call
    return cast(T_Retval, 
self.start_task_soon(func, 
*args).result())
                          ^^^^^^^^^^^^^
^^^^^^^^^^^^^^^^^^^^^^^^^^^^^
  File "C:\Users\Abdul\AppData\Roaming\
uv\python\cpython-3.12-windows-x86_64-n
one\Lib\concurrent\futures\_base.py", 
line 456, in result
    return self.__get_result()
           ^^^^^^^^^^^^^^^^^^^
  File "C:\Users\Abdul\AppData\Roaming\
uv\python\cpython-3.12-windows-x86_64-n
one\Lib\concurrent\futures\_base.py", 
line 401, in __get_result
    raise self._exception
  File "C:\Users\Abdul\OneDrive\Documen
ts\GitHub\ACE-Step-1.5\.venv\Lib\site-p
ackages\anyio\from_thread.py", line 
259, in _call_func
    retval = await retval_or_awaitable
             ^^^^^^^^^^^^^^^^^^^^^^^^^
  File "C:\Users\Abdul\OneDrive\Documen
ts\GitHub\ACE-Step-1.5\.venv\Lib\site-p
ackages\fastapi\applications.py", line 
1159, in __call__
    await super().__call__(scope, 
receive, send)
  File "C:\Users\Abdul\OneDrive\Documen
ts\GitHub\ACE-Step-1.5\.venv\Lib\site-p
ackages\starlette\applications.py", 
line 107, in __call__
    await self.middleware_stack(scope, 
receive, send)
  File "C:\Users\Abdul\OneDrive\Documen
ts\GitHub\ACE-Step-1.5\.venv\Lib\site-p
ackages\starlette\middleware\errors.py"
, line 186, in __call__
    raise exc
  File "C:\Users\Abdul\OneDrive\Documen
ts\GitHub\ACE-Step-1.5\.venv\Lib\site-p
ackages\starlette\middleware\errors.py"
, line 164, in __call__
    await self.app(scope, receive, 
_send)
  File "C:\Users\Abdul\OneDrive\Documen
ts\GitHub\ACE-Step-1.5\.venv\Lib\site-p
ackages\starlette\middleware\exceptions
.py", line 63, in __call__
    await 
wrap_app_handling_exceptions(self.app, 
conn)(scope, receive, send)
  File "C:\Users\Abdul\OneDrive\Documen
ts\GitHub\ACE-Step-1.5\.venv\Lib\site-p
ackages\starlette\_exception_handler.py
", line 53, in wrapped_app
    raise exc
  File "C:\Users\Abdul\OneDrive\Documen
ts\GitHub\ACE-Step-1.5\.venv\Lib\site-p
ackages\starlette\_exception_handler.py
", line 42, in wrapped_app
    await app(scope, receive, sender)
  File "C:\Users\Abdul\OneDrive\Documen
ts\GitHub\ACE-Step-1.5\.venv\Lib\site-p
ackages\fastapi\middleware\asyncexitsta
ck.py", line 18, in __call__
    await self.app(scope, receive, 
send)
  File "C:\Users\Abdul\OneDrive\Documen
ts\GitHub\ACE-Step-1.5\.venv\Lib\site-p
ackages\starlette\routing.py", line 
716, in __call__
    await self.middleware_stack(scope, 
receive, send)
  File "C:\Users\Abdul\OneDrive\Documen
ts\GitHub\ACE-Step-1.5\.venv\Lib\site-p
ackages\starlette\routing.py", line 
736, in app
    await route.handle(scope, receive, 
send)
  File "C:\Users\Abdul\OneDrive\Documen
ts\GitHub\ACE-Step-1.5\.venv\Lib\site-p
ackages\starlette\routing.py", line 
290, in handle
    await self.app(scope, receive, 
send)
  File "C:\Users\Abdul\OneDrive\Documen
ts\GitHub\ACE-Step-1.5\.venv\Lib\site-p
ackages\fastapi\routing.py", line 134, 
in app
    await 
wrap_app_handling_exceptions(app, 
request)(scope, receive, send)
  File "C:\Users\Abdul\OneDrive\Documen
ts\GitHub\ACE-Step-1.5\.venv\Lib\site-p
ackages\starlette\_exception_handler.py
", line 53, in wrapped_app
    raise exc
  File "C:\Users\Abdul\OneDrive\Documen
ts\GitHub\ACE-Step-1.5\.venv\Lib\site-p
ackages\starlette\_exception_handler.py
", line 42, in wrapped_app
    await app(scope, receive, sender)
  File "C:\Users\Abdul\OneDrive\Documen
ts\GitHub\ACE-Step-1.5\.venv\Lib\site-p
ackages\fastapi\routing.py", line 120, 
in app
    response = await f(request)
               ^^^^^^^^^^^^^^^^
  File "C:\Users\Abdul\OneDrive\Documen
ts\GitHub\ACE-Step-1.5\.venv\Lib\site-p
ackages\fastapi\routing.py", line 674, 
in app
    raw_response = await 
run_endpoint_function(
                   
^^^^^^^^^^^^^^^^^^^^^^^^^^^^
  File "C:\Users\Abdul\OneDrive\Documen
ts\GitHub\ACE-Step-1.5\.venv\Lib\site-p
ackages\fastapi\routing.py", line 328, 
in run_endpoint_function
    return await 
dependant.call(**values)
           
^^^^^^^^^^^^^^^^^^^^^^^^^^^^^^
  File "C:\Users\Abdul\OneDrive\Documen
ts\GitHub\ACE-Step-1.5\acestep\api\http
\release_task_route.py", line 51, in 
create_music_generate_job
    req, temp_files = await 
parse_release_task_request(
                      
^^^^^^^^^^^^^^^^^^^^^^^^^^^^^^^^^
  File "C:\Users\Abdul\OneDrive\Documen
ts\GitHub\ACE-Step-1.5\acestep\api\http
\release_task_request_parser.py", line 
97, in parse_release_task_request
    req = _build(
          ^^^^^^^
  File "C:\Users\Abdul\OneDrive\Documen
ts\GitHub\ACE-Step-1.5\acestep\api\http
\release_task_request_parser.py", line 
78, in _build
    return 
build_generate_music_request(
           
^^^^^^^^^^^^^^^^^^^^^^^^^^^^^
  File "C:\Users\Abdul\OneDrive\Documen
ts\GitHub\ACE-Step-1.5\acestep\api\http
\release_task_request_builder.py", 
line 59, in 
build_generate_music_request
    seed=parser.get("seed", -1),
         ^^^^^^^^^^^^^^^^^^^^^^
TypeError: _FakeParser.get() takes 2 
positional arguments but 3 were given

=======================================
===============================
ERROR: test_release_task_returns_wrappe
d_queue_response (acestep.api.http.rele
ase_task_route_http_test.ReleaseTaskRou
teHttpTests.test_release_task_returns_w
rapped_queue_response)
POST /release_task should enqueue job 
and return wrapped queued payload.
---------------------------------------
-------------------------------
Traceback (most recent call last):
  File "C:\Users\Abdul\OneDrive\Documen
ts\GitHub\ACE-Step-1.5\acestep\api\http
\release_task_route_http_test.py", 
line 131, in test_release_task_returns_
wrapped_queue_response
    response = 
client.post("/release_task", 
json={"ai_token": "test-token", 
"prompt": "hello"})
               ^^^^^^^^^^^^^^^^^^^^^^^^
^^^^^^^^^^^^^^^^^^^^^^^^^^^^^^^^^^^^^^^
^^^^^^^^^^^^^^^^^
  File "C:\Users\Abdul\OneDrive\Documen
ts\GitHub\ACE-Step-1.5\.venv\Lib\site-p
ackages\starlette\testclient.py", line 
546, in post
    return super().post(
           ^^^^^^^^^^^^^
  File "C:\Users\Abdul\OneDrive\Documen
ts\GitHub\ACE-Step-1.5\.venv\Lib\site-p
ackages\httpx\_client.py", line 1144, 
in post
    return self.request(
           ^^^^^^^^^^^^^
  File "C:\Users\Abdul\OneDrive\Documen
ts\GitHub\ACE-Step-1.5\.venv\Lib\site-p
ackages\starlette\testclient.py", line 
445, in request
    return super().request(
           ^^^^^^^^^^^^^^^^
  File "C:\Users\Abdul\OneDrive\Documen
ts\GitHub\ACE-Step-1.5\.venv\Lib\site-p
ackages\httpx\_client.py", line 825, 
in request
    return self.send(request, 
auth=auth, 
follow_redirects=follow_redirects)
           ^^^^^^^^^^^^^^^^^^^^^^^^^^^^
^^^^^^^^^^^^^^^^^^^^^^^^^^^^^^^^^^^^
  File "C:\Users\Abdul\OneDrive\Documen
ts\GitHub\ACE-Step-1.5\.venv\Lib\site-p
ackages\httpx\_client.py", line 914, 
in send
    response = 
self._send_handling_auth(
               
^^^^^^^^^^^^^^^^^^^^^^^^^
  File "C:\Users\Abdul\OneDrive\Documen
ts\GitHub\ACE-Step-1.5\.venv\Lib\site-p
ackages\httpx\_client.py", line 942, 
in _send_handling_auth
    response = 
self._send_handling_redirects(
               
^^^^^^^^^^^^^^^^^^^^^^^^^^^^^^
  File "C:\Users\Abdul\OneDrive\Documen
ts\GitHub\ACE-Step-1.5\.venv\Lib\site-p
ackages\httpx\_client.py", line 979, 
in _send_handling_redirects
    response = 
self._send_single_request(request)
               
^^^^^^^^^^^^^^^^^^^^^^^^^^^^^^^^^^
  File "C:\Users\Abdul\OneDrive\Documen
ts\GitHub\ACE-Step-1.5\.venv\Lib\site-p
ackages\httpx\_client.py", line 1014, 
in _send_single_request
    response = 
transport.handle_request(request)
               
^^^^^^^^^^^^^^^^^^^^^^^^^^^^^^^^^
  File "C:\Users\Abdul\OneDrive\Documen
ts\GitHub\ACE-Step-1.5\.venv\Lib\site-p
ackages\starlette\testclient.py", line 
348, in handle_request
    raise exc
  File "C:\Users\Abdul\OneDrive\Documen
ts\GitHub\ACE-Step-1.5\.venv\Lib\site-p
ackages\starlette\testclient.py", line 
345, in handle_request
    portal.call(self.app, scope, 
receive, send)
  File "C:\Users\Abdul\OneDrive\Documen
ts\GitHub\ACE-Step-1.5\.venv\Lib\site-p
ackages\anyio\from_thread.py", line 
334, in call
    return cast(T_Retval, 
self.start_task_soon(func, 
*args).result())
                          ^^^^^^^^^^^^^
^^^^^^^^^^^^^^^^^^^^^^^^^^^^^
  File "C:\Users\Abdul\AppData\Roaming\
uv\python\cpython-3.12-windows-x86_64-n
one\Lib\concurrent\futures\_base.py", 
line 456, in result
    return self.__get_result()
           ^^^^^^^^^^^^^^^^^^^
  File "C:\Users\Abdul\AppData\Roaming\
uv\python\cpython-3.12-windows-x86_64-n
one\Lib\concurrent\futures\_base.py", 
line 401, in __get_result
    raise self._exception
  File "C:\Users\Abdul\OneDrive\Documen
ts\GitHub\ACE-Step-1.5\.venv\Lib\site-p
ackages\anyio\from_thread.py", line 
259, in _call_func
    retval = await retval_or_awaitable
             ^^^^^^^^^^^^^^^^^^^^^^^^^
  File "C:\Users\Abdul\OneDrive\Documen
ts\GitHub\ACE-Step-1.5\.venv\Lib\site-p
ackages\fastapi\applications.py", line 
1159, in __call__
    await super().__call__(scope, 
receive, send)
  File "C:\Users\Abdul\OneDrive\Documen
ts\GitHub\ACE-Step-1.5\.venv\Lib\site-p
ackages\starlette\applications.py", 
line 107, in __call__
    await self.middleware_stack(scope, 
receive, send)
  File "C:\Users\Abdul\OneDrive\Documen
ts\GitHub\ACE-Step-1.5\.venv\Lib\site-p
ackages\starlette\middleware\errors.py"
, line 186, in __call__
    raise exc
  File "C:\Users\Abdul\OneDrive\Documen
ts\GitHub\ACE-Step-1.5\.venv\Lib\site-p
ackages\starlette\middleware\errors.py"
, line 164, in __call__
    await self.app(scope, receive, 
_send)
  File "C:\Users\Abdul\OneDrive\Documen
ts\GitHub\ACE-Step-1.5\.venv\Lib\site-p
ackages\starlette\middleware\exceptions
.py", line 63, in __call__
    await 
wrap_app_handling_exceptions(self.app, 
conn)(scope, receive, send)
  File "C:\Users\Abdul\OneDrive\Documen
ts\GitHub\ACE-Step-1.5\.venv\Lib\site-p
ackages\starlette\_exception_handler.py
", line 53, in wrapped_app
    raise exc
  File "C:\Users\Abdul\OneDrive\Documen
ts\GitHub\ACE-Step-1.5\.venv\Lib\site-p
ackages\starlette\_exception_handler.py
", line 42, in wrapped_app
    await app(scope, receive, sender)
  File "C:\Users\Abdul\OneDrive\Documen
ts\GitHub\ACE-Step-1.5\.venv\Lib\site-p
ackages\fastapi\middleware\asyncexitsta
ck.py", line 18, in __call__
    await self.app(scope, receive, 
send)
  File "C:\Users\Abdul\OneDrive\Documen
ts\GitHub\ACE-Step-1.5\.venv\Lib\site-p
ackages\starlette\routing.py", line 
716, in __call__
    await self.middleware_stack(scope, 
receive, send)
  File "C:\Users\Abdul\OneDrive\Documen
ts\GitHub\ACE-Step-1.5\.venv\Lib\site-p
ackages\starlette\routing.py", line 
736, in app
    await route.handle(scope, receive, 
send)
  File "C:\Users\Abdul\OneDrive\Documen
ts\GitHub\ACE-Step-1.5\.venv\Lib\site-p
ackages\starlette\routing.py", line 
290, in handle
    await self.app(scope, receive, 
send)
  File "C:\Users\Abdul\OneDrive\Documen
ts\GitHub\ACE-Step-1.5\.venv\Lib\site-p
ackages\fastapi\routing.py", line 134, 
in app
    await 
wrap_app_handling_exceptions(app, 
request)(scope, receive, send)
  File "C:\Users\Abdul\OneDrive\Documen
ts\GitHub\ACE-Step-1.5\.venv\Lib\site-p
ackages\starlette\_exception_handler.py
", line 53, in wrapped_app
    raise exc
  File "C:\Users\Abdul\OneDrive\Documen
ts\GitHub\ACE-Step-1.5\.venv\Lib\site-p
ackages\starlette\_exception_handler.py
", line 42, in wrapped_app
    await app(scope, receive, sender)
  File "C:\Users\Abdul\OneDrive\Documen
ts\GitHub\ACE-Step-1.5\.venv\Lib\site-p
ackages\fastapi\routing.py", line 120, 
in app
    response = await f(request)
               ^^^^^^^^^^^^^^^^
  File "C:\Users\Abdul\OneDrive\Documen
ts\GitHub\ACE-Step-1.5\.venv\Lib\site-p
ackages\fastapi\routing.py", line 674, 
in app
    raw_response = await 
run_endpoint_function(
                   
^^^^^^^^^^^^^^^^^^^^^^^^^^^^
  File "C:\Users\Abdul\OneDrive\Documen
ts\GitHub\ACE-Step-1.5\.venv\Lib\site-p
ackages\fastapi\routing.py", line 328, 
in run_endpoint_function
    return await 
dependant.call(**values)
           
^^^^^^^^^^^^^^^^^^^^^^^^^^^^^^
  File "C:\Users\Abdul\OneDrive\Documen
ts\GitHub\ACE-Step-1.5\acestep\api\http
\release_task_route.py", line 51, in 
create_music_generate_job
    req, temp_files = await 
parse_release_task_request(
                      
^^^^^^^^^^^^^^^^^^^^^^^^^^^^^^^^^
  File "C:\Users\Abdul\OneDrive\Documen
ts\GitHub\ACE-Step-1.5\acestep\api\http
\release_task_request_parser.py", line 
97, in parse_release_task_request
    req = _build(
          ^^^^^^^
  File "C:\Users\Abdul\OneDrive\Documen
ts\GitHub\ACE-Step-1.5\acestep\api\http
\release_task_request_parser.py", line 
78, in _build
    return 
build_generate_music_request(
           
^^^^^^^^^^^^^^^^^^^^^^^^^^^^^
  File "C:\Users\Abdul\OneDrive\Documen
ts\GitHub\ACE-Step-1.5\acestep\api\http
\release_task_request_builder.py", 
line 59, in 
build_generate_music_request
    seed=parser.get("seed", -1),
         ^^^^^^^^^^^^^^^^^^^^^^
TypeError: _FakeParser.get() takes 2 
positional arguments but 3 were given

=======================================
===============================
ERROR: test_create_random_sample_requir
es_auth (acestep.api.http.sample_format
_routes_http_test.SampleFormatRoutesHtt
pTests.test_create_random_sample_requir
es_auth)
POST /create_random_sample should 
return 401 when auth is missing.
---------------------------------------
-------------------------------
Traceback (most recent call last):
  File "C:\Users\Abdul\OneDrive\Documen
ts\GitHub\ACE-Step-1.5\acestep\api\http
\sample_format_routes_http_test.py", 
line 84, in 
test_create_random_sample_requires_auth
    client = self._build_client()
             ^^^^^^^^^^^^^^^^^^^^
  File "C:\Users\Abdul\OneDrive\Documen
ts\GitHub\ACE-Step-1.5\acestep\api\http
\sample_format_routes_http_test.py", 
line 54, in _build_client
    register_sample_format_routes(
TypeError: 
register_sample_format_routes() 
missing 1 required positional 
argument: 'create_sample_fn'

=======================================
===============================
ERROR: test_create_random_sample_return
s_wrapped_payload (acestep.api.http.sam
ple_format_routes_http_test.SampleForma
tRoutesHttpTests.test_create_random_sam
ple_returns_wrapped_payload)
POST /create_random_sample should 
return wrapped payload when authorized.
---------------------------------------
-------------------------------
Traceback (most recent call last):
  File "C:\Users\Abdul\OneDrive\Documen
ts\GitHub\ACE-Step-1.5\acestep\api\http
\sample_format_routes_http_test.py", 
line 91, in test_create_random_sample_r
eturns_wrapped_payload
    client = self._build_client()
             ^^^^^^^^^^^^^^^^^^^^
  File "C:\Users\Abdul\OneDrive\Documen
ts\GitHub\ACE-Step-1.5\acestep\api\http
\sample_format_routes_http_test.py", 
line 54, in _build_client
    register_sample_format_routes(
TypeError: 
register_sample_format_routes() 
missing 1 required positional 
argument: 'create_sample_fn'

=======================================
===============================
ERROR: test_format_input_returns_wrappe
d_payload (acestep.api.http.sample_form
at_routes_http_test.SampleFormatRoutesH
ttpTests.test_format_input_returns_wrap
ped_payload)
POST /format_input should return 
wrapped formatted response.
---------------------------------------
-------------------------------
Traceback (most recent call last):
  File "C:\Users\Abdul\OneDrive\Documen
ts\GitHub\ACE-Step-1.5\acestep\api\http
\sample_format_routes_http_test.py", 
line 104, in test_format_input_returns_
wrapped_payload
    client = self._build_client()
             ^^^^^^^^^^^^^^^^^^^^
  File "C:\Users\Abdul\OneDrive\Documen
ts\GitHub\ACE-Step-1.5\acestep\api\http
\sample_format_routes_http_test.py", 
line 54, in _build_client
    register_sample_format_routes(
TypeError: 
register_sample_format_routes() 
missing 1 required positional 
argument: 'create_sample_fn'

=======================================
===============================
ERROR: test_create_random_sample_return
s_simple_payload (acestep.api.http.samp
le_format_routes_test.SampleFormatRoute
sTests.test_create_random_sample_return
s_simple_payload)
Random sample endpoint should return 
wrapped random simple-mode payload.
---------------------------------------
-------------------------------
Traceback (most recent call last):
  File "C:\Users\Abdul\OneDrive\Documen
ts\GitHub\ACE-Step-1.5\acestep\api\http
\sample_format_routes_test.py", line 
98, in test_create_random_sample_return
s_simple_payload
    app = self._build_app()
          ^^^^^^^^^^^^^^^^^
  File "C:\Users\Abdul\OneDrive\Documen
ts\GitHub\ACE-Step-1.5\acestep\api\http
\sample_format_routes_test.py", line 
68, in _build_app
    register_sample_format_routes(
TypeError: 
register_sample_format_routes() 
missing 1 required positional 
argument: 'create_sample_fn'

=======================================
===============================
ERROR: test_format_input_raises_503_whe
n_lazy_load_disabled (acestep.api.http.
sample_format_routes_test.SampleFormatR
outesTests.test_format_input_raises_503
_when_lazy_load_disabled)
Format endpoint should preserve 503 
contract when lazy loading is disabled.
---------------------------------------
-------------------------------
Traceback (most recent call last):
  File "C:\Users\Abdul\OneDrive\Documen
ts\GitHub\ACE-Step-1.5\acestep\api\http
\sample_format_routes_test.py", line 
134, in test_format_input_raises_503_wh
en_lazy_load_disabled
    app = self._build_app()
          ^^^^^^^^^^^^^^^^^
  File "C:\Users\Abdul\OneDrive\Documen
ts\GitHub\ACE-Step-1.5\acestep\api\http
\sample_format_routes_test.py", line 
68, in _build_app
    register_sample_format_routes(
TypeError: 
register_sample_format_routes() 
missing 1 required positional 
argument: 'create_sample_fn'

=======================================
===============================
ERROR: test_format_input_returns_wrappe
d_success_payload (acestep.api.http.sam
ple_format_routes_test.SampleFormatRout
esTests.test_format_input_returns_wrapp
ed_success_payload)
Format endpoint should return wrapped 
formatted fields on success.
---------------------------------------
-------------------------------
Traceback (most recent call last):
  File "C:\Users\Abdul\OneDrive\Documen
ts\GitHub\ACE-Step-1.5\acestep\api\http
\sample_format_routes_test.py", line 
117, in test_format_input_returns_wrapp
ed_success_payload
    app = self._build_app()
          ^^^^^^^^^^^^^^^^^
  File "C:\Users\Abdul\OneDrive\Documen
ts\GitHub\ACE-Step-1.5\acestep\api\http
\sample_format_routes_test.py", line 
68, in _build_app
    register_sample_format_routes(
TypeError: 
register_sample_format_routes() 
missing 1 required positional 
argument: 'create_sample_fn'

=======================================
===============================
ERROR: test_run_blocking_generate_retur
ns_analysis_result_without_generation (
acestep.api.job_blocking_generation_tes
t.JobBlockingGenerationTests.test_run_b
locking_generate_returns_analysis_resul
t_without_generation)
Helper should short-circuit when 
analysis mode returns payload.
---------------------------------------
-------------------------------
Traceback (most recent call last):
  File "C:\Users\Abdul\OneDrive\Documen
ts\GitHub\ACE-Step-1.5\acestep\api\job_
blocking_generation_test.py", line 
137, in test_run_blocking_generate_retu
rns_analysis_result_without_generation
    result = run_blocking_generate(
             ^^^^^^^^^^^^^^^^^^^^^^
  File "C:\Users\Abdul\OneDrive\Documen
ts\GitHub\ACE-Step-1.5\acestep\api\job_
blocking_generation.py", line 108, in 
run_blocking_generate
    global_caption=prepared_inputs.glob
al_caption,
                   
^^^^^^^^^^^^^^^^^^^^^^^^^^^^^^
AttributeError: 
'types.SimpleNamespace' object has no 
attribute 'global_caption'

=======================================
===============================
ERROR: test_run_blocking_generate_succe
ss_path_updates_progress_and_builds_pay
load (acestep.api.job_blocking_generati
on_test.JobBlockingGenerationTests.test
_run_blocking_generate_success_path_upd
ates_progress_and_builds_payload)
Helper should preserve progress/cache 
update flow and success payload 
assembly.
---------------------------------------
-------------------------------
Traceback (most recent call last):
  File "C:\Users\Abdul\OneDrive\Documen
ts\GitHub\ACE-Step-1.5\acestep\api\job_
blocking_generation_test.py", line 65, 
in test_run_blocking_generate_success_p
ath_updates_progress_and_builds_payload
    result = run_blocking_generate(
             ^^^^^^^^^^^^^^^^^^^^^^
  File "C:\Users\Abdul\OneDrive\Documen
ts\GitHub\ACE-Step-1.5\acestep\api\job_
blocking_generation.py", line 108, in 
run_blocking_generate
    global_caption=prepared_inputs.glob
al_caption,
                   
^^^^^^^^^^^^^^^^^^^^^^^^^^^^^^
AttributeError: 
'types.SimpleNamespace' object has no 
attribute 'global_caption'

=======================================
===============================
ERROR: test_initialize_models_at_startu
p_initializes_primary_and_calls_llm (ac
estep.api.startup_model_init_test.Start
upModelInitTests.test_initialize_models
_at_startup_initializes_primary_and_cal
ls_llm)
Helper should initialize primary DiT 
and then call LLM startup helper
---------------------------------------
-------------------------------
Traceback (most recent call last):
  File "C:\Users\Abdul\AppData\Roaming\
uv\python\cpython-3.12-windows-x86_64-n
one\Lib\unittest\mock.py", line 1396, 
in patched
    return func(*newargs, 
**newkeywargs)
           
^^^^^^^^^^^^^^^^^^^^^^^^^^^^^
  File "C:\Users\Abdul\OneDrive\Documen
ts\GitHub\ACE-Step-1.5\acestep\api\star
tup_model_init_test.py", line 139, in t
est_initialize_models_at_startup_initia
lizes_primary_and_calls_llm
    initialize_models_at_startup(
  File "C:\Users\Abdul\OneDrive\Documen
ts\GitHub\ACE-Step-1.5\acestep\api\star
tup_model_init.py", line 226, in 
initialize_models_at_startup
    do_model_initialization(
  File "C:\Users\Abdul\OneDrive\Documen
ts\GitHub\ACE-Step-1.5\acestep\api\star
tup_model_init.py", line 65, in 
do_model_initialization
    os.makedirs(checkpoint_dir, 
exist_ok=True)
  File "<frozen os>", line 215, in 
makedirs
  File "<frozen os>", line 215, in 
makedirs
  File "<frozen os>", line 225, in 
makedirs
FileNotFoundError: [WinError 3] The 
system cannot find the path specified: 
'k:/'

=======================================
===============================
ERROR: test_initialize_models_at_startu
p_raises_on_primary_init_failure (acest
ep.api.startup_model_init_test.StartupM
odelInitTests.test_initialize_models_at
_startup_raises_on_primary_init_failure
)
Helper should raise and persist init 
error when primary DiT fails.
---------------------------------------
-------------------------------
Traceback (most recent call last):
  File "C:\Users\Abdul\AppData\Roaming\
uv\python\cpython-3.12-windows-x86_64-n
one\Lib\unittest\mock.py", line 1396, 
in patched
    return func(*newargs, 
**newkeywargs)
           
^^^^^^^^^^^^^^^^^^^^^^^^^^^^^
  File "C:\Users\Abdul\OneDrive\Documen
ts\GitHub\ACE-Step-1.5\acestep\api\star
tup_model_init_test.py", line 189, in t
est_initialize_models_at_startup_raises
_on_primary_init_failure
    initialize_models_at_startup(
  File "C:\Users\Abdul\OneDrive\Documen
ts\GitHub\ACE-Step-1.5\acestep\api\star
tup_model_init.py", line 226, in 
initialize_models_at_startup
    do_model_initialization(
  File "C:\Users\Abdul\OneDrive\Documen
ts\GitHub\ACE-Step-1.5\acestep\api\star
tup_model_init.py", line 65, in 
do_model_initialization
    os.makedirs(checkpoint_dir, 
exist_ok=True)
  File "<frozen os>", line 215, in 
makedirs
  File "<frozen os>", line 215, in 
makedirs
  File "<frozen os>", line 225, in 
makedirs
FileNotFoundError: [WinError 3] The 
system cannot find the path specified: 
'k:/'

=======================================
===============================
ERROR: test_load_main_model_ignores_cud
a_sync_cleanup_error (acestep.core.gene
ration.handler.init_service_test.InitSe
rviceMixinTests.test_load_main_model_ig
nores_cuda_sync_cleanup_error)
It continues model loading when 
pre-load ``cuda.synchronize`` raises.
---------------------------------------
-------------------------------
Traceback (most recent call last):
  File "C:\Users\Abdul\OneDrive\Documen
ts\GitHub\ACE-Step-1.5\acestep\core\gen
eration\handler\init_service_test.py", 
line 526, in test_load_main_model_ignor
es_cuda_sync_cleanup_error
    attn = 
host._load_main_model_from_checkpoint(
           
^^^^^^^^^^^^^^^^^^^^^^^^^^^^^^^^^^^^^^
  File "C:\Users\Abdul\OneDrive\Documen
ts\GitHub\ACE-Step-1.5\acestep\core\gen
eration\handler\init_service_loader.py"
, line 194, in 
_load_main_model_from_checkpoint
    self._sync_alignment_config()
    ^^^^^^^^^^^^^^^^^^^^^^^^^^^
AttributeError: '_Host' object has no 
attribute '_sync_alignment_config'

=======================================
===============================
ERROR: test_reads_wav_via_soundfile (ac
estep.core.generation.handler.io_audio_
test.ReadAudioFileTests.test_reads_wav_
via_soundfile)
WAV files should be read directly by 
soundfile.
---------------------------------------
-------------------------------
Traceback (most recent call last):
  File "C:\Users\Abdul\OneDrive\Documen
ts\GitHub\ACE-Step-1.5\acestep\core\gen
eration\handler\io_audio_test.py", 
line 38, in 
test_reads_wav_via_soundfile
    os.unlink(tmp.name)
PermissionError: [WinError 32] The 
process cannot access the file because 
it is being used by another process: 'C
:\\Users\\Abdul\\AppData\\Local\\Temp\\
tmpwf9u3ehw.wav'

=======================================
===============================
ERROR: test_generate_music_returns_erro
r_for_invalid_reference_audio (acestep.
core.generation.handler.reference_audio
_validation_test.ReferenceAudioValidati
onTests.test_generate_music_returns_err
or_for_invalid_reference_audio)
Invalid reference audio should fail 
fast with a user-facing message.
---------------------------------------
-------------------------------
Traceback (most recent call last):
  File "C:\Users\Abdul\OneDrive\Documen
ts\GitHub\ACE-Step-1.5\acestep\core\gen
eration\handler\reference_audio_validat
ion_test.py", line 32, in test_generate
_music_returns_error_for_invalid_refere
nce_audio
    result = handler.generate_music(
             ^^^^^^^^^^^^^^^^^^^^^^^
  File "C:\Users\Abdul\OneDrive\Documen
ts\GitHub\ACE-Step-1.5\acestep\core\gen
eration\handler\generate_music.py", 
line 262, in generate_music
    if self.is_turbo_model() and 
guidance_scale != 1.0:
       ^^^^^^^^^^^^^^^^^^^^^
  File "C:\Users\Abdul\OneDrive\Documen
ts\GitHub\ACE-Step-1.5\acestep\core\gen
eration\handler\init_service_catalog.py
", line 77, in is_turbo_model
    if self.config is None:
       ^^^^^^^^^^^
AttributeError: 'AceStepHandler' 
object has no attribute 'config'

=======================================
===============================
ERROR: test_overlap_adjustment_reduces_
invalid_overlap (acestep.core.generatio
n.handler.vae_decode_chunks_test.VaeDec
odeChunksMixinTests.test_overlap_adjust
ment_reduces_invalid_overlap)
Invalid overlap should be reduced 
until stride becomes positive.
---------------------------------------
-------------------------------
Traceback (most recent call last):
  File "C:\Users\Abdul\OneDrive\Documen
ts\GitHub\ACE-Step-1.5\acestep\core\gen
eration\handler\vae_decode_chunks_test.
py", line 38, in test_overlap_adjustmen
t_reduces_invalid_overlap
    out = host._tiled_decode_inner(torc
h.zeros(1, 4, 10), chunk_size=4, 
overlap=3, offload_wav_to_cpu=False)
          ^^^^^^^^^^^^^^^^^^^^^^^^^^^^^
^^^^^^^^^^^^^^^^^^^^^^^^^^^^^^^^^^^^^^^
^^^^^^^^^^^^^^^^^^^^^^^^^^^^^^
  File "C:\Users\Abdul\OneDrive\Documen
ts\GitHub\ACE-Step-1.5\acestep\core\gen
eration\handler\vae_decode_chunks.py", 
line 57, in _tiled_decode_inner
    raise ValueError(f"chunk_size 
{chunk_size} must be > 2 * overlap 
{overlap}")
ValueError: chunk_size 4 must be > 2 * 
overlap 3

=======================================
===============================
ERROR: test_generate_with_stop_conditio
n_forces_cot_cfg_1 (acestep.llm_inferen
ce_cfg_fixes_test.TestCotCfgScaleFixed.
test_generate_with_stop_condition_force
s_cot_cfg_1)
generate_with_stop_condition must pass 
cfg_scale=1.0 to the CoT phase
---------------------------------------
-------------------------------
Traceback (most recent call last):
  File "C:\Users\Abdul\OneDrive\Documen
ts\GitHub\ACE-Step-1.5\acestep\llm_infe
rence_cfg_fixes_test.py", line 139, in 
test_generate_with_stop_condition_force
s_cot_cfg_1
    with patch.object(handler, 
"_parse_metadata_from_cot", 
return_value={}):
         ^^^^^^^^^^^^^^^^^^^^^^^^^^^^^^
^^^^^^^^^^^^^^^^^^^^^^^^^^^^^^^^^^^^
  File "C:\Users\Abdul\AppData\Roaming\
uv\python\cpython-3.12-windows-x86_64-n
one\Lib\unittest\mock.py", line 1467, 
in __enter__
    original, local = 
self.get_original()
                      
^^^^^^^^^^^^^^^^^^^
  File "C:\Users\Abdul\AppData\Roaming\
uv\python\cpython-3.12-windows-x86_64-n
one\Lib\unittest\mock.py", line 1437, 
in get_original
    raise AttributeError(
AttributeError: 
<acestep.llm_inference.LLMHandler 
object at 0x0000026B1CF50EF0> does not 
have the attribute 
'_parse_metadata_from_cot'

=======================================
===============================
ERROR: test_euler_ode_basic (acestep.mo
dels.mlx.dit_generate_sampler_test.Eule
rSamplerTests.test_euler_ode_basic)
---------------------------------------
-------------------------------
Traceback (most recent call last):
  File "C:\Users\Abdul\OneDrive\Documen
ts\GitHub\ACE-Step-1.5\acestep\models\m
lx\dit_generate_sampler_test.py", line 
61, in test_euler_ode_basic
    mlx_decoder=_make_fake_decoder(),
                ^^^^^^^^^^^^^^^^^^^^
  File "C:\Users\Abdul\OneDrive\Documen
ts\GitHub\ACE-Step-1.5\acestep\models\m
lx\dit_generate_sampler_test.py", line 
21, in _make_fake_decoder
    import mlx.core as mx
ModuleNotFoundError: No module named 
'mlx'

=======================================
===============================
ERROR: test_euler_sde_basic (acestep.mo
dels.mlx.dit_generate_sampler_test.Eule
rSamplerTests.test_euler_sde_basic)
---------------------------------------
-------------------------------
Traceback (most recent call last):
  File "C:\Users\Abdul\OneDrive\Documen
ts\GitHub\ACE-Step-1.5\acestep\models\m
lx\dit_generate_sampler_test.py", line 
78, in test_euler_sde_basic
    mlx_decoder=_make_fake_decoder(),
                ^^^^^^^^^^^^^^^^^^^^
  File "C:\Users\Abdul\OneDrive\Documen
ts\GitHub\ACE-Step-1.5\acestep\models\m
lx\dit_generate_sampler_test.py", line 
21, in _make_fake_decoder
    import mlx.core as mx
ModuleNotFoundError: No module named 
'mlx'

=======================================
===============================
ERROR: test_heun_differs_from_euler (ac
estep.models.mlx.dit_generate_sampler_t
est.HeunSamplerTests.test_heun_differs_
from_euler)
Heun should produce different results 
than Euler given same seed.
---------------------------------------
-------------------------------
Traceback (most recent call last):
  File "C:\Users\Abdul\OneDrive\Documen
ts\GitHub\ACE-Step-1.5\acestep\models\m
lx\dit_generate_sampler_test.py", line 
140, in test_heun_differs_from_euler
    mlx_decoder=_make_fake_decoder(),
                ^^^^^^^^^^^^^^^^^^^^
  File "C:\Users\Abdul\OneDrive\Documen
ts\GitHub\ACE-Step-1.5\acestep\models\m
lx\dit_generate_sampler_test.py", line 
21, in _make_fake_decoder
    import mlx.core as mx
ModuleNotFoundError: No module named 
'mlx'

=======================================
===============================
ERROR: test_heun_ode_basic (acestep.mod
els.mlx.dit_generate_sampler_test.HeunS
amplerTests.test_heun_ode_basic)
---------------------------------------
-------------------------------
Traceback (most recent call last):
  File "C:\Users\Abdul\OneDrive\Documen
ts\GitHub\ACE-Step-1.5\acestep\models\m
lx\dit_generate_sampler_test.py", line 
97, in test_heun_ode_basic
    mlx_decoder=_make_fake_decoder(),
                ^^^^^^^^^^^^^^^^^^^^
  File "C:\Users\Abdul\OneDrive\Documen
ts\GitHub\ACE-Step-1.5\acestep\models\m
lx\dit_generate_sampler_test.py", line 
21, in _make_fake_decoder
    import mlx.core as mx
ModuleNotFoundError: No module named 
'mlx'

=======================================
===============================
ERROR: 
test_heun_sde_falls_back_to_euler_sde (
acestep.models.mlx.dit_generate_sampler
_test.HeunSamplerTests.test_heun_sde_fa
lls_back_to_euler_sde)
Heun + SDE should still produce valid 
output (SDE path used).
---------------------------------------
-------------------------------
Traceback (most recent call last):
  File "C:\Users\Abdul\OneDrive\Documen
ts\GitHub\ACE-Step-1.5\acestep\models\m
lx\dit_generate_sampler_test.py", line 
115, in 
test_heun_sde_falls_back_to_euler_sde
    mlx_decoder=_make_fake_decoder(),
                ^^^^^^^^^^^^^^^^^^^^
  File "C:\Users\Abdul\OneDrive\Documen
ts\GitHub\ACE-Step-1.5\acestep\models\m
lx\dit_generate_sampler_test.py", line 
21, in _make_fake_decoder
    import mlx.core as mx
ModuleNotFoundError: No module named 
'mlx'

=======================================
===============================
ERROR: test_heun_sde_logs_warning (aces
tep.models.mlx.dit_generate_sampler_tes
t.HeunSamplerTests.test_heun_sde_logs_w
arning)
Heun + SDE should still work but the 
combination falls back to Euler SDE.
---------------------------------------
-------------------------------
Traceback (most recent call last):
  File "C:\Users\Abdul\OneDrive\Documen
ts\GitHub\ACE-Step-1.5\acestep\models\m
lx\dit_generate_sampler_test.py", line 
161, in test_heun_sde_logs_warning
    mlx_decoder=_make_fake_decoder(),
                ^^^^^^^^^^^^^^^^^^^^
  File "C:\Users\Abdul\OneDrive\Documen
ts\GitHub\ACE-Step-1.5\acestep\models\m
lx\dit_generate_sampler_test.py", line 
21, in _make_fake_decoder
    import mlx.core as mx
ModuleNotFoundError: No module named 
'mlx'

=======================================
===============================
ERROR: 
test_invalid_sampler_mode_raises (acest
ep.models.mlx.dit_generate_sampler_test
.SamplerModeValidationTests.test_invali
d_sampler_mode_raises)
---------------------------------------
-------------------------------
Traceback (most recent call last):
  File "C:\Users\Abdul\OneDrive\Documen
ts\GitHub\ACE-Step-1.5\acestep\models\m
lx\dit_generate_sampler_test.py", line 
47, in test_invalid_sampler_mode_raises
    mlx_decoder=_make_fake_decoder(),
                ^^^^^^^^^^^^^^^^^^^^
  File "C:\Users\Abdul\OneDrive\Documen
ts\GitHub\ACE-Step-1.5\acestep\models\m
lx\dit_generate_sampler_test.py", line 
21, in _make_fake_decoder
    import mlx.core as mx
ModuleNotFoundError: No module named 
'mlx'

=======================================
===============================
ERROR: test_ema_smoothing_produces_vali
d_output (acestep.models.mlx.dit_genera
te_sampler_test.VelocityEMATests.test_e
ma_smoothing_produces_valid_output)
---------------------------------------
-------------------------------
Traceback (most recent call last):
  File "C:\Users\Abdul\OneDrive\Documen
ts\GitHub\ACE-Step-1.5\acestep\models\m
lx\dit_generate_sampler_test.py", line 
213, in test_ema_smoothing_produces_val
id_output
    mlx_decoder=_make_fake_decoder(),
                ^^^^^^^^^^^^^^^^^^^^
  File "C:\Users\Abdul\OneDrive\Documen
ts\GitHub\ACE-Step-1.5\acestep\models\m
lx\dit_generate_sampler_test.py", line 
21, in _make_fake_decoder
    import mlx.core as mx
ModuleNotFoundError: No module named 
'mlx'

=======================================
===============================
ERROR: 
test_ema_with_heun_and_norm_clamping (a
cestep.models.mlx.dit_generate_sampler_
test.VelocityEMATests.test_ema_with_heu
n_and_norm_clamping)
All three techniques combined should 
produce valid output.
---------------------------------------
-------------------------------
Traceback (most recent call last):
  File "C:\Users\Abdul\OneDrive\Documen
ts\GitHub\ACE-Step-1.5\acestep\models\m
lx\dit_generate_sampler_test.py", line 
229, in 
test_ema_with_heun_and_norm_clamping
    mlx_decoder=_make_fake_decoder(),
                ^^^^^^^^^^^^^^^^^^^^
  File "C:\Users\Abdul\OneDrive\Documen
ts\GitHub\ACE-Step-1.5\acestep\models\m
lx\dit_generate_sampler_test.py", line 
21, in _make_fake_decoder
    import mlx.core as mx
ModuleNotFoundError: No module named 
'mlx'

=======================================
===============================
ERROR: test_norm_clamping_produces_vali
d_output (acestep.models.mlx.dit_genera
te_sampler_test.VelocityNormClampTests.
test_norm_clamping_produces_valid_outpu
t)
---------------------------------------
-------------------------------
Traceback (most recent call last):
  File "C:\Users\Abdul\OneDrive\Documen
ts\GitHub\ACE-Step-1.5\acestep\models\m
lx\dit_generate_sampler_test.py", line 
179, in test_norm_clamping_produces_val
id_output
    mlx_decoder=_make_fake_decoder(),
                ^^^^^^^^^^^^^^^^^^^^
  File "C:\Users\Abdul\OneDrive\Documen
ts\GitHub\ACE-Step-1.5\acestep\models\m
lx\dit_generate_sampler_test.py", line 
21, in _make_fake_decoder
    import mlx.core as mx
ModuleNotFoundError: No module named 
'mlx'

=======================================
===============================
ERROR: test_norm_clamping_with_heun (ac
estep.models.mlx.dit_generate_sampler_t
est.VelocityNormClampTests.test_norm_cl
amping_with_heun)
---------------------------------------
-------------------------------
Traceback (most recent call last):
  File "C:\Users\Abdul\OneDrive\Documen
ts\GitHub\ACE-Step-1.5\acestep\models\m
lx\dit_generate_sampler_test.py", line 
194, in test_norm_clamping_with_heun
    mlx_decoder=_make_fake_decoder(),
                ^^^^^^^^^^^^^^^^^^^^
  File "C:\Users\Abdul\OneDrive\Documen
ts\GitHub\ACE-Step-1.5\acestep\models\m
lx\dit_generate_sampler_test.py", line 
21, in _make_fake_decoder
    import mlx.core as mx
ModuleNotFoundError: No module named 
'mlx'

=======================================
===============================
ERROR: acestep.ui.gradio.events.results
.batch_management_background_test (unit
test.loader._FailedTest.acestep.ui.grad
io.events.results.batch_management_back
ground_test)
---------------------------------------
-------------------------------
ImportError: Failed to import test 
module: acestep.ui.gradio.events.result
s.batch_management_background_test
Traceback (most recent call last):
  File "C:\Users\Abdul\AppData\Roaming\
uv\python\cpython-3.12-windows-x86_64-n
one\Lib\unittest\loader.py", line 396, 
in _find_test_path
    module = 
self._get_module_from_name(name)
             
^^^^^^^^^^^^^^^^^^^^^^^^^^^^^^^^
  File "C:\Users\Abdul\AppData\Roaming\
uv\python\cpython-3.12-windows-x86_64-n
one\Lib\unittest\loader.py", line 339, 
in _get_module_from_name
    __import__(name)
  File "C:\Users\Abdul\OneDrive\Documen
ts\GitHub\ACE-Step-1.5\acestep\ui\gradi
o\events\results\batch_management_backg
round_test.py", line 6, in <module>
    from 
_batch_management_test_support import 
build_progress_result
ModuleNotFoundError: No module named 
'_batch_management_test_support'


=======================================
===============================
ERROR: acestep.ui.gradio.events.results
.batch_management_helpers_test (unittes
t.loader._FailedTest.acestep.ui.gradio.
events.results.batch_management_helpers
_test)
---------------------------------------
-------------------------------
ImportError: Failed to import test 
module: acestep.ui.gradio.events.result
s.batch_management_helpers_test
Traceback (most recent call last):
  File "C:\Users\Abdul\AppData\Roaming\
uv\python\cpython-3.12-windows-x86_64-n
one\Lib\unittest\loader.py", line 396, 
in _find_test_path
    module = 
self._get_module_from_name(name)
             
^^^^^^^^^^^^^^^^^^^^^^^^^^^^^^^^
  File "C:\Users\Abdul\AppData\Roaming\
uv\python\cpython-3.12-windows-x86_64-n
one\Lib\unittest\loader.py", line 339, 
in _get_module_from_name
    __import__(name)
  File "C:\Users\Abdul\OneDrive\Documen
ts\GitHub\ACE-Step-1.5\acestep\ui\gradi
o\events\results\batch_management_helpe
rs_test.py", line 5, in <module>
    from 
_batch_management_test_support import 
load_batch_management_module
ModuleNotFoundError: No module named 
'_batch_management_test_support'


=======================================
===============================
ERROR: acestep.ui.gradio.events.results
.batch_management_test (unittest.loader
._FailedTest.acestep.ui.gradio.events.r
esults.batch_management_test)
---------------------------------------
-------------------------------
ImportError: Failed to import test 
module: acestep.ui.gradio.events.result
s.batch_management_test
Traceback (most recent call last):
  File "C:\Users\Abdul\AppData\Roaming\
uv\python\cpython-3.12-windows-x86_64-n
one\Lib\unittest\loader.py", line 396, 
in _find_test_path
    module = 
self._get_module_from_name(name)
             
^^^^^^^^^^^^^^^^^^^^^^^^^^^^^^^^
  File "C:\Users\Abdul\AppData\Roaming\
uv\python\cpython-3.12-windows-x86_64-n
one\Lib\unittest\loader.py", line 339, 
in _get_module_from_name
    __import__(name)
  File "C:\Users\Abdul\OneDrive\Documen
ts\GitHub\ACE-Step-1.5\acestep\ui\gradi
o\events\results\batch_management_test.
py", line 7, in <module>
    from 
_batch_management_test_support import 
build_progress_result
ModuleNotFoundError: No module named 
'_batch_management_test_support'


=======================================
===============================
FAIL: test_cot_phase_uses_cfg_scale_1 (
acestep.llm_inference_cfg_fixes_test.Te
stCotCfgScaleFixed.test_cot_phase_uses_
cfg_scale_1)
generate_from_formatted_prompt called 
during CoT must receive cfg_scale=1.0.
---------------------------------------
-------------------------------
Traceback (most recent call last):
  File "C:\Users\Abdul\OneDrive\Documen
ts\GitHub\ACE-Step-1.5\acestep\llm_infe
rence_cfg_fixes_test.py", line 120, in 
test_cot_phase_uses_cfg_scale_1
    self.assertEqual(captured_cfg.get("
cfg_scale"), 1.0)
AssertionError: None != 1.0

=======================================
===============================
FAIL: test_enforce_eager_still_true_for
_jetson_even_with_flash_attn (acestep.l
lm_inference_enforce_eager_test.TestEnf
orceEagerWhenFlashAttnMissing.test_enfo
rce_eager_still_true_for_jetson_even_wi
th_flash_attn)
Jetson GPUs must still use 
enforce_eager=True even if flash_attn 
is detectable.
---------------------------------------
-------------------------------
Traceback (most recent call last):
  File "C:\Users\Abdul\OneDrive\Documen
ts\GitHub\ACE-Step-1.5\acestep\llm_infe
rence_enforce_eager_test.py", line 
106, in test_enforce_eager_still_true_f
or_jetson_even_with_flash_attn
    self.assertTrue(
AssertionError: None is not true : 
enforce_eager must be True on Jetson 
regardless of flash_attn availability

=======================================
===============================
FAIL: test_enforce_eager_true_when_flas
h_attn_missing (acestep.llm_inference_e
nforce_eager_test.TestEnforceEagerWhenF
lashAttnMissing.test_enforce_eager_true
_when_flash_attn_missing)
enforce_eager must be True when 
flash_attn cannot be found.
---------------------------------------
-------------------------------
Traceback (most recent call last):
  File "C:\Users\Abdul\OneDrive\Documen
ts\GitHub\ACE-Step-1.5\acestep\llm_infe
rence_enforce_eager_test.py", line 85, 
in test_enforce_eager_true_when_flash_a
ttn_missing
    self.assertTrue(
AssertionError: None is not true : 
enforce_eager must be True when 
flash_attn is not installed to prevent 
CUDA graph capture from corrupting the 
CUDA context via SDPA .item() calls

=======================================
===============================
FAIL: test_run_openssl_uses_restricted_
temp_passphrase_file (acestep.text_task
s.secure_secret_store_test.SecureSecret
StoreTests.test_run_openssl_uses_restri
cted_temp_passphrase_file)
OpenSSL passphrase files should be 
created with owner-only permissions.
---------------------------------------
-------------------------------
Traceback (most recent call last):
  File "C:\Users\Abdul\OneDrive\Documen
ts\GitHub\ACE-Step-1.5\acestep\text_tas
ks\secure_secret_store_test.py", line 
121, in test_run_openssl_uses_restricte
d_temp_passphrase_file
    self.assertEqual(captured["mode"], 
0o600)
AssertionError: 438 != 384

=======================================
===============================
FAIL: test_store_offloads_only_previous
_batch_cuda_tensors (acestep.ui.gradio.
events.results.batch_queue_test.StoreBa
tchInQueueTests.test_store_offloads_onl
y_previous_batch_cuda_tensors)
Only the immediately preceding batch's 
CUDA tensors should be offloaded.
---------------------------------------
-------------------------------
Traceback (most recent call last):
  File "C:\Users\Abdul\OneDrive\Documen
ts\GitHub\ACE-Step-1.5\acestep\ui\gradi
o\events\results\batch_queue_test.py", 
line 175, in test_store_offloads_only_p
revious_batch_cuda_tensors
    self.assertIn("pred_latents", 
queue[0]["extra_outputs"])
AssertionError: 'pred_latents' not 
found in {}

=======================================
===============================
FAIL: test_valid_relative_path (acestep
.ui.gradio.events.training.training_uti
ls_test.TestSafeJoin.test_valid_relativ
e_path)
---------------------------------------
-------------------------------
Traceback (most recent call last):
  File "C:\Users\Abdul\OneDrive\Documen
ts\GitHub\ACE-Step-1.5\acestep\ui\gradi
o\events\training\training_utils_test.p
y", line 38, in 
test_valid_relative_path
    self.assertTrue(result.startswith("
/base"))
AssertionError: False is not true

---------------------------------------
-------------------------------
Ran 1058 tests in 9.505s

FAILED (failures=6, errors=36, 
skipped=3)
